main.c:166:9:clamp	24	static
main.c:179:6:CDC_On_Receive	16	static
main.c:211:9:PIDcontrol	24	static
main.c:223:6:Thrower_Send	48	static
main.c:267:6:HAL_TIM_PeriodElapsedCallback	24	static
main.c:367:5:main	8	static
main.c:531:6:SystemClock_Config	152	static
main.c:586:13:MX_TIM1_Init	56	static
main.c:637:13:MX_TIM2_Init	56	static
main.c:686:13:MX_TIM3_Init	56	static
main.c:735:13:MX_TIM4_Init	48	static
main.c:792:13:MX_TIM6_Init	24	static
main.c:830:13:MX_TIM8_Init	104	static
main.c:902:13:MX_TIM17_Init	88	static
main.c:965:13:MX_DMA_Init	16	static
main.c:999:13:MX_GPIO_Init	40	static
main.c:1037:6:Error_Handler	4	static,ignoring_inline_asm
