main.c:164:9:clamp	24	static
main.c:177:6:CDC_On_Receive	16	static
main.c:190:9:PIDcontrol	24	static
main.c:199:6:HAL_TIM_PeriodElapsedCallback	24	static
main.c:296:5:main	8	static
main.c:459:6:SystemClock_Config	152	static
main.c:514:13:MX_TIM1_Init	56	static
main.c:565:13:MX_TIM2_Init	56	static
main.c:614:13:MX_TIM3_Init	56	static
main.c:663:13:MX_TIM4_Init	48	static
main.c:720:13:MX_TIM6_Init	24	static
main.c:758:13:MX_TIM8_Init	104	static
main.c:830:13:MX_TIM17_Init	88	static
main.c:893:13:MX_DMA_Init	16	static
main.c:922:13:MX_GPIO_Init	40	static
main.c:960:6:Error_Handler	4	static,ignoring_inline_asm
