main.c:160:9:clamp	24	static
main.c:173:6:CDC_On_Receive	16	static
main.c:186:9:PIDcontrol	24	static
main.c:195:6:HAL_TIM_PeriodElapsedCallback	24	static
main.c:275:5:main	8	static
main.c:430:6:SystemClock_Config	152	static
main.c:485:13:MX_TIM1_Init	56	static
main.c:536:13:MX_TIM2_Init	56	static
main.c:585:13:MX_TIM3_Init	56	static
main.c:634:13:MX_TIM4_Init	48	static
main.c:691:13:MX_TIM6_Init	24	static
main.c:729:13:MX_TIM8_Init	104	static
main.c:801:13:MX_TIM17_Init	88	static
main.c:864:13:MX_DMA_Init	16	static
main.c:893:13:MX_GPIO_Init	40	static
main.c:931:6:Error_Handler	4	static,ignoring_inline_asm
