Archive member included to satisfy reference by file (symbol)

c:/st/stm32cubeide_1.7.0/stm32cubeide/plugins/com.st.stm32cube.ide.mcu.externaltools.gnu-tools-for-stm32.9-2020-q2-update.win32_2.0.0.202105311346/tools/bin/../lib/gcc/arm-none-eabi/9.3.1/../../../../arm-none-eabi/lib/thumb/v7e-m+fp/hard\libc_nano.a(lib_a-errno.o)
                              ./Core/Src/syscalls.o (__errno)
c:/st/stm32cubeide_1.7.0/stm32cubeide/plugins/com.st.stm32cube.ide.mcu.externaltools.gnu-tools-for-stm32.9-2020-q2-update.win32_2.0.0.202105311346/tools/bin/../lib/gcc/arm-none-eabi/9.3.1/../../../../arm-none-eabi/lib/thumb/v7e-m+fp/hard\libc_nano.a(lib_a-exit.o)
                              c:/st/stm32cubeide_1.7.0/stm32cubeide/plugins/com.st.stm32cube.ide.mcu.externaltools.gnu-tools-for-stm32.9-2020-q2-update.win32_2.0.0.202105311346/tools/bin/../lib/gcc/arm-none-eabi/9.3.1/../../../../arm-none-eabi/lib/thumb/v7e-m+fp/hard/crt0.o (exit)
c:/st/stm32cubeide_1.7.0/stm32cubeide/plugins/com.st.stm32cube.ide.mcu.externaltools.gnu-tools-for-stm32.9-2020-q2-update.win32_2.0.0.202105311346/tools/bin/../lib/gcc/arm-none-eabi/9.3.1/../../../../arm-none-eabi/lib/thumb/v7e-m+fp/hard\libc_nano.a(lib_a-impure.o)
                              c:/st/stm32cubeide_1.7.0/stm32cubeide/plugins/com.st.stm32cube.ide.mcu.externaltools.gnu-tools-for-stm32.9-2020-q2-update.win32_2.0.0.202105311346/tools/bin/../lib/gcc/arm-none-eabi/9.3.1/../../../../arm-none-eabi/lib/thumb/v7e-m+fp/hard\libc_nano.a(lib_a-exit.o) (_global_impure_ptr)
c:/st/stm32cubeide_1.7.0/stm32cubeide/plugins/com.st.stm32cube.ide.mcu.externaltools.gnu-tools-for-stm32.9-2020-q2-update.win32_2.0.0.202105311346/tools/bin/../lib/gcc/arm-none-eabi/9.3.1/../../../../arm-none-eabi/lib/thumb/v7e-m+fp/hard\libc_nano.a(lib_a-init.o)
                              c:/st/stm32cubeide_1.7.0/stm32cubeide/plugins/com.st.stm32cube.ide.mcu.externaltools.gnu-tools-for-stm32.9-2020-q2-update.win32_2.0.0.202105311346/tools/bin/../lib/gcc/arm-none-eabi/9.3.1/../../../../arm-none-eabi/lib/thumb/v7e-m+fp/hard/crt0.o (__libc_init_array)
c:/st/stm32cubeide_1.7.0/stm32cubeide/plugins/com.st.stm32cube.ide.mcu.externaltools.gnu-tools-for-stm32.9-2020-q2-update.win32_2.0.0.202105311346/tools/bin/../lib/gcc/arm-none-eabi/9.3.1/../../../../arm-none-eabi/lib/thumb/v7e-m+fp/hard\libc_nano.a(lib_a-memcpy-stub.o)
                              ./Core/Src/main.o (memcpy)
c:/st/stm32cubeide_1.7.0/stm32cubeide/plugins/com.st.stm32cube.ide.mcu.externaltools.gnu-tools-for-stm32.9-2020-q2-update.win32_2.0.0.202105311346/tools/bin/../lib/gcc/arm-none-eabi/9.3.1/../../../../arm-none-eabi/lib/thumb/v7e-m+fp/hard\libc_nano.a(lib_a-memset.o)
                              c:/st/stm32cubeide_1.7.0/stm32cubeide/plugins/com.st.stm32cube.ide.mcu.externaltools.gnu-tools-for-stm32.9-2020-q2-update.win32_2.0.0.202105311346/tools/bin/../lib/gcc/arm-none-eabi/9.3.1/../../../../arm-none-eabi/lib/thumb/v7e-m+fp/hard/crt0.o (memset)

Allocating common symbols
Common symbol       size              file

hUsbDeviceFS        0x2d0             ./USB_Device/App/usb_device.o
htim8               0x4c              ./Core/Src/main.o
hdma_dma_generator0
                    0x60              ./Core/Src/main.o
htim4               0x4c              ./Core/Src/main.o
htim17              0x4c              ./Core/Src/main.o
hdma_tim8_ch1       0x60              ./Core/Src/main.o
uwTick              0x4               ./Drivers/STM32G4xx_HAL_Driver/Src/stm32g4xx_hal.o
UserRxBufferFS      0x3e8             ./USB_Device/App/usbd_cdc_if.o
htim3               0x4c              ./Core/Src/main.o
pwmData             0x28              ./Core/Src/main.o
ThrData             0x28              ./Core/Src/main.o
UserTxBufferFS      0x3e8             ./USB_Device/App/usbd_cdc_if.o
htim6               0x4c              ./Core/Src/main.o
htim1               0x4c              ./Core/Src/main.o
htim2               0x4c              ./Core/Src/main.o
hpcd_USB_FS         0x2f4             ./USB_Device/Target/usbd_conf.o
USBD_StrDesc        0x200             ./USB_Device/App/usbd_desc.o

Discarded input sections

 .text          0x0000000000000000        0x0 c:/st/stm32cubeide_1.7.0/stm32cubeide/plugins/com.st.stm32cube.ide.mcu.externaltools.gnu-tools-for-stm32.9-2020-q2-update.win32_2.0.0.202105311346/tools/bin/../lib/gcc/arm-none-eabi/9.3.1/thumb/v7e-m+fp/hard/crti.o
 .data          0x0000000000000000        0x0 c:/st/stm32cubeide_1.7.0/stm32cubeide/plugins/com.st.stm32cube.ide.mcu.externaltools.gnu-tools-for-stm32.9-2020-q2-update.win32_2.0.0.202105311346/tools/bin/../lib/gcc/arm-none-eabi/9.3.1/thumb/v7e-m+fp/hard/crti.o
 .bss           0x0000000000000000        0x0 c:/st/stm32cubeide_1.7.0/stm32cubeide/plugins/com.st.stm32cube.ide.mcu.externaltools.gnu-tools-for-stm32.9-2020-q2-update.win32_2.0.0.202105311346/tools/bin/../lib/gcc/arm-none-eabi/9.3.1/thumb/v7e-m+fp/hard/crti.o
[...]
Memory Configuration

Name             Origin             Length             Attributes
RAM              0x0000000020000000 0x0000000000008000 xrw
FLASH            0x0000000008000000 0x0000000000020000 xr
*default*        0x0000000000000000 0xffffffffffffffff

Linker script and memory map

LOAD c:/st/stm32cubeide_1.7.0/stm32cubeide/plugins/com.st.stm32cube.ide.mcu.externaltools.gnu-tools-for-stm32.9-2020-q2-update.win32_2.0.0.202105311346/tools/bin/../lib/gcc/arm-none-eabi/9.3.1/thumb/v7e-m+fp/hard/crti.o
LOAD c:/st/stm32cubeide_1.7.0/stm32cubeide/plugins/com.st.stm32cube.ide.mcu.externaltools.gnu-tools-for-stm32.9-2020-q2-update.win32_2.0.0.202105311346/tools/bin/../lib/gcc/arm-none-eabi/9.3.1/thumb/v7e-m+fp/hard/crtbegin.o
LOAD c:/st/stm32cubeide_1.7.0/stm32cubeide/plugins/com.st.stm32cube.ide.mcu.externaltools.gnu-tools-for-stm32.9-2020-q2-update.win32_2.0.0.202105311346/tools/bin/../lib/gcc/arm-none-eabi/9.3.1/../../../../arm-none-eabi/lib/thumb/v7e-m+fp/hard/crt0.o
LOAD ./Core/Src/main.o
LOAD ./Core/Src/stm32g4xx_hal_msp.o
LOAD ./Core/Src/stm32g4xx_it.o
LOAD ./Core/Src/syscalls.o
LOAD ./Core/Src/sysmem.o
LOAD ./Core/Src/system_stm32g4xx.o
LOAD ./Core/Startup/startup_stm32g441kbtx.o
LOAD ./Drivers/STM32G4xx_HAL_Driver/Src/stm32g4xx_hal.o
LOAD ./Drivers/STM32G4xx_HAL_Driver/Src/stm32g4xx_hal_cortex.o
LOAD ./Drivers/STM32G4xx_HAL_Driver/Src/stm32g4xx_hal_dma.o
LOAD ./Drivers/STM32G4xx_HAL_Driver/Src/stm32g4xx_hal_dma_ex.o
LOAD ./Drivers/STM32G4xx_HAL_Driver/Src/stm32g4xx_hal_exti.o
LOAD ./Drivers/STM32G4xx_HAL_Driver/Src/stm32g4xx_hal_flash.o
LOAD ./Drivers/STM32G4xx_HAL_Driver/Src/stm32g4xx_hal_flash_ex.o
LOAD ./Drivers/STM32G4xx_HAL_Driver/Src/stm32g4xx_hal_flash_ramfunc.o
LOAD ./Drivers/STM32G4xx_HAL_Driver/Src/stm32g4xx_hal_gpio.o
LOAD ./Drivers/STM32G4xx_HAL_Driver/Src/stm32g4xx_hal_pcd.o
LOAD ./Drivers/STM32G4xx_HAL_Driver/Src/stm32g4xx_hal_pcd_ex.o
LOAD ./Drivers/STM32G4xx_HAL_Driver/Src/stm32g4xx_hal_pwr.o
LOAD ./Drivers/STM32G4xx_HAL_Driver/Src/stm32g4xx_hal_pwr_ex.o
LOAD ./Drivers/STM32G4xx_HAL_Driver/Src/stm32g4xx_hal_rcc.o
LOAD ./Drivers/STM32G4xx_HAL_Driver/Src/stm32g4xx_hal_rcc_ex.o
LOAD ./Drivers/STM32G4xx_HAL_Driver/Src/stm32g4xx_hal_tim.o
LOAD ./Drivers/STM32G4xx_HAL_Driver/Src/stm32g4xx_hal_tim_ex.o
LOAD ./Drivers/STM32G4xx_HAL_Driver/Src/stm32g4xx_ll_usb.o
LOAD ./Middlewares/ST/STM32_USB_Device_Library/Class/CDC/Src/usbd_cdc.o
LOAD ./Middlewares/ST/STM32_USB_Device_Library/Core/Src/usbd_core.o
LOAD ./Middlewares/ST/STM32_USB_Device_Library/Core/Src/usbd_ctlreq.o
LOAD ./Middlewares/ST/STM32_USB_Device_Library/Core/Src/usbd_ioreq.o
LOAD ./USB_Device/App/usb_device.o
LOAD ./USB_Device/App/usbd_cdc_if.o
LOAD ./USB_Device/App/usbd_desc.o
LOAD ./USB_Device/Target/usbd_conf.o
START GROUP
LOAD c:/st/stm32cubeide_1.7.0/stm32cubeide/plugins/com.st.stm32cube.ide.mcu.externaltools.gnu-tools-for-stm32.9-2020-q2-update.win32_2.0.0.202105311346/tools/bin/../lib/gcc/arm-none-eabi/9.3.1/../../../../arm-none-eabi/lib/thumb/v7e-m+fp/hard\libc_nano.a
LOAD c:/st/stm32cubeide_1.7.0/stm32cubeide/plugins/com.st.stm32cube.ide.mcu.externaltools.gnu-tools-for-stm32.9-2020-q2-update.win32_2.0.0.202105311346/tools/bin/../lib/gcc/arm-none-eabi/9.3.1/../../../../arm-none-eabi/lib/thumb/v7e-m+fp/hard\libm.a
END GROUP
START GROUP
LOAD c:/st/stm32cubeide_1.7.0/stm32cubeide/plugins/com.st.stm32cube.ide.mcu.externaltools.gnu-tools-for-stm32.9-2020-q2-update.win32_2.0.0.202105311346/tools/bin/../lib/gcc/arm-none-eabi/9.3.1/thumb/v7e-m+fp/hard\libgcc.a
LOAD c:/st/stm32cubeide_1.7.0/stm32cubeide/plugins/com.st.stm32cube.ide.mcu.externaltools.gnu-tools-for-stm32.9-2020-q2-update.win32_2.0.0.202105311346/tools/bin/../lib/gcc/arm-none-eabi/9.3.1/../../../../arm-none-eabi/lib/thumb/v7e-m+fp/hard\libc_nano.a
END GROUP
START GROUP
LOAD c:/st/stm32cubeide_1.7.0/stm32cubeide/plugins/com.st.stm32cube.ide.mcu.externaltools.gnu-tools-for-stm32.9-2020-q2-update.win32_2.0.0.202105311346/tools/bin/../lib/gcc/arm-none-eabi/9.3.1/thumb/v7e-m+fp/hard\libgcc.a
LOAD c:/st/stm32cubeide_1.7.0/stm32cubeide/plugins/com.st.stm32cube.ide.mcu.externaltools.gnu-tools-for-stm32.9-2020-q2-update.win32_2.0.0.202105311346/tools/bin/../lib/gcc/arm-none-eabi/9.3.1/../../../../arm-none-eabi/lib/thumb/v7e-m+fp/hard\libc_nano.a
LOAD c:/st/stm32cubeide_1.7.0/stm32cubeide/plugins/com.st.stm32cube.ide.mcu.externaltools.gnu-tools-for-stm32.9-2020-q2-update.win32_2.0.0.202105311346/tools/bin/../lib/gcc/arm-none-eabi/9.3.1/../../../../arm-none-eabi/lib/thumb/v7e-m+fp/hard\libnosys.a
END GROUP
START GROUP
LOAD c:/st/stm32cubeide_1.7.0/stm32cubeide/plugins/com.st.stm32cube.ide.mcu.externaltools.gnu-tools-for-stm32.9-2020-q2-update.win32_2.0.0.202105311346/tools/bin/../lib/gcc/arm-none-eabi/9.3.1/thumb/v7e-m+fp/hard\libgcc.a
LOAD c:/st/stm32cubeide_1.7.0/stm32cubeide/plugins/com.st.stm32cube.ide.mcu.externaltools.gnu-tools-for-stm32.9-2020-q2-update.win32_2.0.0.202105311346/tools/bin/../lib/gcc/arm-none-eabi/9.3.1/../../../../arm-none-eabi/lib/thumb/v7e-m+fp/hard\libc_nano.a
LOAD c:/st/stm32cubeide_1.7.0/stm32cubeide/plugins/com.st.stm32cube.ide.mcu.externaltools.gnu-tools-for-stm32.9-2020-q2-update.win32_2.0.0.202105311346/tools/bin/../lib/gcc/arm-none-eabi/9.3.1/../../../../arm-none-eabi/lib/thumb/v7e-m+fp/hard\libnosys.a
END GROUP
LOAD c:/st/stm32cubeide_1.7.0/stm32cubeide/plugins/com.st.stm32cube.ide.mcu.externaltools.gnu-tools-for-stm32.9-2020-q2-update.win32_2.0.0.202105311346/tools/bin/../lib/gcc/arm-none-eabi/9.3.1/thumb/v7e-m+fp/hard/crtend.o
LOAD c:/st/stm32cubeide_1.7.0/stm32cubeide/plugins/com.st.stm32cube.ide.mcu.externaltools.gnu-tools-for-stm32.9-2020-q2-update.win32_2.0.0.202105311346/tools/bin/../lib/gcc/arm-none-eabi/9.3.1/thumb/v7e-m+fp/hard/crtn.o
                0x0000000020008000                _estack = (ORIGIN (RAM) + LENGTH (RAM))
                0x0000000000000200                _Min_Heap_Size = 0x200
                0x0000000000000400                _Min_Stack_Size = 0x400

.isr_vector     0x0000000008000000      0x1d8
                0x0000000008000000                . = ALIGN (0x4)
 *(.isr_vector)
 .isr_vector    0x0000000008000000      0x1d8 ./Core/Startup/startup_stm32g441kbtx.o
                0x0000000008000000                g_pfnVectors
                0x00000000080001d8                . = ALIGN (0x4)

.text           0x00000000080001d8     0xac5c
                0x00000000080001d8                . = ALIGN (0x4)
 *(.text)
 .text          0x00000000080001d8       0x40 c:/st/stm32cubeide_1.7.0/stm32cubeide/plugins/com.st.stm32cube.ide.mcu.externaltools.gnu-tools-for-stm32.9-2020-q2-update.win32_2.0.0.202105311346/tools/bin/../lib/gcc/arm-none-eabi/9.3.1/thumb/v7e-m+fp/hard/crtbegin.o
 *(.text*)
 .text.clamp    0x0000000008000218       0x32 ./Core/Src/main.o
                0x0000000008000218                clamp
 *fill*         0x000000000800024a        0x2 
 .text.CDC_On_Receive
                0x000000000800024c       0x54 ./Core/Src/main.o
                0x000000000800024c                CDC_On_Receive
 .text.PIDcontrol
                0x00000000080002a0       0x70 ./Core/Src/main.o
                0x00000000080002a0                PIDcontrol
 .text.Thrower_Send
                0x0000000008000310       0xfc ./Core/Src/main.o
                0x0000000008000310                Thrower_Send
 .text.HAL_TIM_PeriodElapsedCallback
                0x000000000800040c      0x188 ./Core/Src/main.o
                0x000000000800040c                HAL_TIM_PeriodElapsedCallback
 .text.main     0x0000000008000594      0x184 ./Core/Src/main.o
                0x0000000008000594                main
 .text.SystemClock_Config
                0x0000000008000718       0xce ./Core/Src/main.o
                0x0000000008000718                SystemClock_Config
 *fill*         0x00000000080007e6        0x2 
 .text.MX_TIM1_Init
                0x00000000080007e8       0xb4 ./Core/Src/main.o
 .text.MX_TIM2_Init
                0x000000000800089c       0xa8 ./Core/Src/main.o
 .text.MX_TIM3_Init
                0x0000000008000944       0xac ./Core/Src/main.o
 .text.MX_TIM4_Init
                0x00000000080009f0       0xe0 ./Core/Src/main.o
 .text.MX_TIM6_Init
                0x0000000008000ad0       0x70 ./Core/Src/main.o
 .text.MX_TIM8_Init
                0x0000000008000b40      0x128 ./Core/Src/main.o
 .text.MX_TIM17_Init
                0x0000000008000c68       0xf4 ./Core/Src/main.o
 .text.MX_DMA_Init
                0x0000000008000d5c       0xa8 ./Core/Src/main.o
 .text.MX_GPIO_Init
                0x0000000008000e04       0xa8 ./Core/Src/main.o
 .text.Error_Handler
                0x0000000008000eac        0xa ./Core/Src/main.o
                0x0000000008000eac                Error_Handler
 *fill*         0x0000000008000eb6        0x2 
 .text.HAL_MspInit
                0x0000000008000eb8       0x48 ./Core/Src/stm32g4xx_hal_msp.o
                0x0000000008000eb8                HAL_MspInit
 .text.HAL_TIM_Encoder_MspInit
                0x0000000008000f00      0x148 ./Core/Src/stm32g4xx_hal_msp.o
                0x0000000008000f00                HAL_TIM_Encoder_MspInit
 .text.HAL_TIM_PWM_MspInit
                0x0000000008001048       0xd4 ./Core/Src/stm32g4xx_hal_msp.o
                0x0000000008001048                HAL_TIM_PWM_MspInit
 .text.HAL_TIM_Base_MspInit
                0x000000000800111c       0x74 ./Core/Src/stm32g4xx_hal_msp.o
                0x000000000800111c                HAL_TIM_Base_MspInit
 .text.HAL_TIM_MspPostInit
                0x0000000008001190      0x108 ./Core/Src/stm32g4xx_hal_msp.o
                0x0000000008001190                HAL_TIM_MspPostInit
 .text.NMI_Handler
                0x0000000008001298        0x6 ./Core/Src/stm32g4xx_it.o
                0x0000000008001298                NMI_Handler
 .text.HardFault_Handler
                0x000000000800129e        0x6 ./Core/Src/stm32g4xx_it.o
                0x000000000800129e                HardFault_Handler
 .text.MemManage_Handler
                0x00000000080012a4        0x6 ./Core/Src/stm32g4xx_it.o
                0x00000000080012a4                MemManage_Handler
 .text.BusFault_Handler
                0x00000000080012aa        0x6 ./Core/Src/stm32g4xx_it.o
                0x00000000080012aa                BusFault_Handler
 .text.UsageFault_Handler
                0x00000000080012b0        0x6 ./Core/Src/stm32g4xx_it.o
                0x00000000080012b0                UsageFault_Handler
 .text.SVC_Handler
                0x00000000080012b6        0xe ./Core/Src/stm32g4xx_it.o
                0x00000000080012b6                SVC_Handler
 .text.DebugMon_Handler
                0x00000000080012c4        0xe ./Core/Src/stm32g4xx_it.o
                0x00000000080012c4                DebugMon_Handler
 .text.PendSV_Handler
                0x00000000080012d2        0xe ./Core/Src/stm32g4xx_it.o
                0x00000000080012d2                PendSV_Handler
 .text.SysTick_Handler
                0x00000000080012e0        0xc ./Core/Src/stm32g4xx_it.o
                0x00000000080012e0                SysTick_Handler
 .text.DMA1_Channel2_IRQHandler
                0x00000000080012ec       0x14 ./Core/Src/stm32g4xx_it.o
                0x00000000080012ec                DMA1_Channel2_IRQHandler
 .text.USB_LP_IRQHandler
                0x0000000008001300       0x14 ./Core/Src/stm32g4xx_it.o
                0x0000000008001300                USB_LP_IRQHandler
 .text.TIM4_IRQHandler
                0x0000000008001314       0x14 ./Core/Src/stm32g4xx_it.o
                0x0000000008001314                TIM4_IRQHandler
 .text.TIM6_DAC_IRQHandler
                0x0000000008001328       0x14 ./Core/Src/stm32g4xx_it.o
                0x0000000008001328                TIM6_DAC_IRQHandler
 .text.SystemInit
                0x000000000800133c       0x24 ./Core/Src/system_stm32g4xx.o
                0x000000000800133c                SystemInit
 .text.Reset_Handler
                0x0000000008001360       0x50 ./Core/Startup/startup_stm32g441kbtx.o
                0x0000000008001360                Reset_Handler
 .text.Default_Handler
                0x00000000080013b0        0x2 ./Core/Startup/startup_stm32g441kbtx.o
                0x00000000080013b0                RTC_Alarm_IRQHandler
                0x00000000080013b0                EXTI2_IRQHandler
                0x00000000080013b0                TIM8_TRG_COM_IRQHandler
                0x00000000080013b0                TIM8_CC_IRQHandler
                0x00000000080013b0                TIM1_CC_IRQHandler
                0x00000000080013b0                USB_HP_IRQHandler
                0x00000000080013b0                CORDIC_IRQHandler
                0x00000000080013b0                EXTI3_IRQHandler
                0x00000000080013b0                I2C3_ER_IRQHandler
                0x00000000080013b0                EXTI0_IRQHandler
                0x00000000080013b0                I2C2_EV_IRQHandler
                0x00000000080013b0                FPU_IRQHandler
                0x00000000080013b0                FDCAN1_IT1_IRQHandler
                0x00000000080013b0                TIM1_UP_TIM16_IRQHandler
                0x00000000080013b0                ADC1_2_IRQHandler
                0x00000000080013b0                SPI1_IRQHandler
                0x00000000080013b0                TIM8_UP_IRQHandler
                0x00000000080013b0                DMA2_Channel2_IRQHandler
                0x00000000080013b0                DMA1_Channel4_IRQHandler
                0x00000000080013b0                USART3_IRQHandler
                0x00000000080013b0                DMA2_Channel1_IRQHandler
                0x00000000080013b0                I2C1_EV_IRQHandler
                0x00000000080013b0                DMA1_Channel6_IRQHandler
                0x00000000080013b0                UART4_IRQHandler
                0x00000000080013b0                DMA2_Channel4_IRQHandler
                0x00000000080013b0                TIM3_IRQHandler
                0x00000000080013b0                RCC_IRQHandler
                0x00000000080013b0                DMA1_Channel1_IRQHandler
                0x00000000080013b0                Default_Handler
                0x00000000080013b0                RTC_TAMP_LSECSS_IRQHandler
                0x00000000080013b0                FMAC_IRQHandler
                0x00000000080013b0                EXTI15_10_IRQHandler
                0x00000000080013b0                TIM7_IRQHandler
                0x00000000080013b0                UCPD1_IRQHandler
                0x00000000080013b0                I2C3_EV_IRQHandler
                0x00000000080013b0                EXTI9_5_IRQHandler
                0x00000000080013b0                RTC_WKUP_IRQHandler
                0x00000000080013b0                PVD_PVM_IRQHandler
                0x00000000080013b0                SPI2_IRQHandler
                0x00000000080013b0                DMA2_Channel5_IRQHandler
                0x00000000080013b0                CRS_IRQHandler
                0x00000000080013b0                DMA1_Channel5_IRQHandler
                0x00000000080013b0                EXTI4_IRQHandler
                0x00000000080013b0                RNG_IRQHandler
                0x00000000080013b0                TIM1_TRG_COM_TIM17_IRQHandler
                0x00000000080013b0                DMA1_Channel3_IRQHandler
                0x00000000080013b0                WWDG_IRQHandler
                0x00000000080013b0                LPUART1_IRQHandler
                0x00000000080013b0                DMA2_Channel6_IRQHandler
                0x00000000080013b0                FDCAN1_IT0_IRQHandler
                0x00000000080013b0                TIM2_IRQHandler
                0x00000000080013b0                COMP1_2_3_IRQHandler
                0x00000000080013b0                EXTI1_IRQHandler
                0x00000000080013b0                AES_IRQHandler
                0x00000000080013b0                USART2_IRQHandler
                0x00000000080013b0                I2C2_ER_IRQHandler
                0x00000000080013b0                TIM8_BRK_IRQHandler
                0x00000000080013b0                FLASH_IRQHandler
                0x00000000080013b0                USART1_IRQHandler
                0x00000000080013b0                SPI3_IRQHandler
                0x00000000080013b0                I2C1_ER_IRQHandler
                0x00000000080013b0                LPTIM1_IRQHandler
                0x00000000080013b0                DMAMUX_OVR_IRQHandler
                0x00000000080013b0                USBWakeUp_IRQHandler
                0x00000000080013b0                SAI1_IRQHandler
                0x00000000080013b0                DMA2_Channel3_IRQHandler
                0x00000000080013b0                COMP4_IRQHandler
                0x00000000080013b0                TIM1_BRK_TIM15_IRQHandler
 .text.HAL_Init
                0x00000000080013b2       0x30 ./Drivers/STM32G4xx_HAL_Driver/Src/stm32g4xx_hal.o
                0x00000000080013b2                HAL_Init
 *fill*         0x00000000080013e2        0x2 
 .text.HAL_InitTick
                0x00000000080013e4       0x74 ./Drivers/STM32G4xx_HAL_Driver/Src/stm32g4xx_hal.o
                0x00000000080013e4                HAL_InitTick
 .text.HAL_IncTick
                0x0000000008001458       0x24 ./Drivers/STM32G4xx_HAL_Driver/Src/stm32g4xx_hal.o
                0x0000000008001458                HAL_IncTick
 .text.HAL_GetTick
                0x000000000800147c       0x18 ./Drivers/STM32G4xx_HAL_Driver/Src/stm32g4xx_hal.o
                0x000000000800147c                HAL_GetTick
 .text.HAL_Delay
                0x0000000008001494       0x44 ./Drivers/STM32G4xx_HAL_Driver/Src/stm32g4xx_hal.o
                0x0000000008001494                HAL_Delay
 .text.__NVIC_SetPriorityGrouping
                0x00000000080014d8       0x48 ./Drivers/STM32G4xx_HAL_Driver/Src/stm32g4xx_hal_cortex.o
 .text.__NVIC_GetPriorityGrouping
                0x0000000008001520       0x1c ./Drivers/STM32G4xx_HAL_Driver/Src/stm32g4xx_hal_cortex.o
 .text.__NVIC_EnableIRQ
                0x000000000800153c       0x3c ./Drivers/STM32G4xx_HAL_Driver/Src/stm32g4xx_hal_cortex.o
 .text.__NVIC_SetPriority
                0x0000000008001578       0x54 ./Drivers/STM32G4xx_HAL_Driver/Src/stm32g4xx_hal_cortex.o
 .text.NVIC_EncodePriority
                0x00000000080015cc       0x66 ./Drivers/STM32G4xx_HAL_Driver/Src/stm32g4xx_hal_cortex.o
 *fill*         0x0000000008001632        0x2 
 .text.SysTick_Config
                0x0000000008001634       0x44 ./Drivers/STM32G4xx_HAL_Driver/Src/stm32g4xx_hal_cortex.o
 .text.HAL_NVIC_SetPriorityGrouping
                0x0000000008001678       0x16 ./Drivers/STM32G4xx_HAL_Driver/Src/stm32g4xx_hal_cortex.o
                0x0000000008001678                HAL_NVIC_SetPriorityGrouping
 .text.HAL_NVIC_SetPriority
                0x000000000800168e       0x34 ./Drivers/STM32G4xx_HAL_Driver/Src/stm32g4xx_hal_cortex.o
                0x000000000800168e                HAL_NVIC_SetPriority
 .text.HAL_NVIC_EnableIRQ
                0x00000000080016c2       0x1c ./Drivers/STM32G4xx_HAL_Driver/Src/stm32g4xx_hal_cortex.o
                0x00000000080016c2                HAL_NVIC_EnableIRQ
 .text.HAL_SYSTICK_Config
                0x00000000080016de       0x18 ./Drivers/STM32G4xx_HAL_Driver/Src/stm32g4xx_hal_cortex.o
                0x00000000080016de                HAL_SYSTICK_Config
 *fill*         0x00000000080016f6        0x2 
 .text.HAL_DMA_Init
                0x00000000080016f8      0x150 ./Drivers/STM32G4xx_HAL_Driver/Src/stm32g4xx_hal_dma.o
                0x00000000080016f8                HAL_DMA_Init
 .text.HAL_DMA_Start_IT
                0x0000000008001848       0xf6 ./Drivers/STM32G4xx_HAL_Driver/Src/stm32g4xx_hal_dma.o
                0x0000000008001848                HAL_DMA_Start_IT
 .text.HAL_DMA_Abort_IT
                0x000000000800193e       0xce ./Drivers/STM32G4xx_HAL_Driver/Src/stm32g4xx_hal_dma.o
                0x000000000800193e                HAL_DMA_Abort_IT
 .text.HAL_DMA_IRQHandler
                0x0000000008001a0c      0x15e ./Drivers/STM32G4xx_HAL_Driver/Src/stm32g4xx_hal_dma.o
                0x0000000008001a0c                HAL_DMA_IRQHandler
 .text.DMA_SetConfig
                0x0000000008001b6a       0x7c ./Drivers/STM32G4xx_HAL_Driver/Src/stm32g4xx_hal_dma.o
 *fill*         0x0000000008001be6        0x2 
 .text.DMA_CalcDMAMUXChannelBaseAndMask
                0x0000000008001be8       0x7c ./Drivers/STM32G4xx_HAL_Driver/Src/stm32g4xx_hal_dma.o
 .text.DMA_CalcDMAMUXRequestGenBaseAndMask
                0x0000000008001c64       0x48 ./Drivers/STM32G4xx_HAL_Driver/Src/stm32g4xx_hal_dma.o
 .text.HAL_GPIO_Init
                0x0000000008001cac      0x304 ./Drivers/STM32G4xx_HAL_Driver/Src/stm32g4xx_hal_gpio.o
                0x0000000008001cac                HAL_GPIO_Init
 .text.HAL_GPIO_WritePin
                0x0000000008001fb0       0x30 ./Drivers/STM32G4xx_HAL_Driver/Src/stm32g4xx_hal_gpio.o
                0x0000000008001fb0                HAL_GPIO_WritePin
 .text.HAL_PCD_Init
                0x0000000008001fe0      0x1ca ./Drivers/STM32G4xx_HAL_Driver/Src/stm32g4xx_hal_pcd.o
                0x0000000008001fe0                HAL_PCD_Init
 .text.HAL_PCD_Start
                0x00000000080021aa       0x44 ./Drivers/STM32G4xx_HAL_Driver/Src/stm32g4xx_hal_pcd.o
                0x00000000080021aa                HAL_PCD_Start
 .text.HAL_PCD_IRQHandler
                0x00000000080021ee      0x29c ./Drivers/STM32G4xx_HAL_Driver/Src/stm32g4xx_hal_pcd.o
                0x00000000080021ee                HAL_PCD_IRQHandler
 .text.HAL_PCD_SetAddress
                0x000000000800248a       0x4a ./Drivers/STM32G4xx_HAL_Driver/Src/stm32g4xx_hal_pcd.o
                0x000000000800248a                HAL_PCD_SetAddress
 .text.HAL_PCD_EP_Open
                0x00000000080024d4       0xcc ./Drivers/STM32G4xx_HAL_Driver/Src/stm32g4xx_hal_pcd.o
                0x00000000080024d4                HAL_PCD_EP_Open
 .text.HAL_PCD_EP_Close
                0x00000000080025a0       0x90 ./Drivers/STM32G4xx_HAL_Driver/Src/stm32g4xx_hal_pcd.o
                0x00000000080025a0                HAL_PCD_EP_Close
 .text.HAL_PCD_EP_Receive
                0x0000000008002630       0x7a ./Drivers/STM32G4xx_HAL_Driver/Src/stm32g4xx_hal_pcd.o
                0x0000000008002630                HAL_PCD_EP_Receive
 .text.HAL_PCD_EP_GetRxCount
                0x00000000080026aa       0x30 ./Drivers/STM32G4xx_HAL_Driver/Src/stm32g4xx_hal_pcd.o
                0x00000000080026aa                HAL_PCD_EP_GetRxCount
 .text.HAL_PCD_EP_Transmit
                0x00000000080026da       0x86 ./Drivers/STM32G4xx_HAL_Driver/Src/stm32g4xx_hal_pcd.o
                0x00000000080026da                HAL_PCD_EP_Transmit
 .text.HAL_PCD_EP_SetStall
                0x0000000008002760       0xa4 ./Drivers/STM32G4xx_HAL_Driver/Src/stm32g4xx_hal_pcd.o
                0x0000000008002760                HAL_PCD_EP_SetStall
 .text.HAL_PCD_EP_ClrStall
                0x0000000008002804       0xa8 ./Drivers/STM32G4xx_HAL_Driver/Src/stm32g4xx_hal_pcd.o
                0x0000000008002804                HAL_PCD_EP_ClrStall
 .text.PCD_EP_ISR_Handler
                0x00000000080028ac      0x5d4 ./Drivers/STM32G4xx_HAL_Driver/Src/stm32g4xx_hal_pcd.o
 .text.HAL_PCD_EP_DB_Receive
                0x0000000008002e80      0x212 ./Drivers/STM32G4xx_HAL_Driver/Src/stm32g4xx_hal_pcd.o
 .text.HAL_PCD_EP_DB_Transmit
                0x0000000008003092      0x79c ./Drivers/STM32G4xx_HAL_Driver/Src/stm32g4xx_hal_pcd.o
 .text.HAL_PCDEx_PMAConfig
                0x000000000800382e       0x86 ./Drivers/STM32G4xx_HAL_Driver/Src/stm32g4xx_hal_pcd_ex.o
                0x000000000800382e                HAL_PCDEx_PMAConfig
 .text.HAL_PCDEx_ActivateLPM
                0x00000000080038b4       0x54 ./Drivers/STM32G4xx_HAL_Driver/Src/stm32g4xx_hal_pcd_ex.o
                0x00000000080038b4                HAL_PCDEx_ActivateLPM
 .text.HAL_PWREx_ControlVoltageScaling
                0x0000000008003908      0x148 ./Drivers/STM32G4xx_HAL_Driver/Src/stm32g4xx_hal_pwr_ex.o
                0x0000000008003908                HAL_PWREx_ControlVoltageScaling
 .text.HAL_PWREx_DisableUCPDDeadBattery
                0x0000000008003a50       0x20 ./Drivers/STM32G4xx_HAL_Driver/Src/stm32g4xx_hal_pwr_ex.o
                0x0000000008003a50                HAL_PWREx_DisableUCPDDeadBattery
 .text.HAL_RCC_OscConfig
                0x0000000008003a70      0x630 ./Drivers/STM32G4xx_HAL_Driver/Src/stm32g4xx_hal_rcc.o
                0x0000000008003a70                HAL_RCC_OscConfig
 .text.HAL_RCC_ClockConfig
                0x00000000080040a0      0x278 ./Drivers/STM32G4xx_HAL_Driver/Src/stm32g4xx_hal_rcc.o
                0x00000000080040a0                HAL_RCC_ClockConfig
 .text.HAL_RCC_GetSysClockFreq
                0x0000000008004318       0xc4 ./Drivers/STM32G4xx_HAL_Driver/Src/stm32g4xx_hal_rcc.o
                0x0000000008004318                HAL_RCC_GetSysClockFreq
 .text.RCC_GetSysClockFreqFromPLLSource
                0x00000000080043dc       0x8c ./Drivers/STM32G4xx_HAL_Driver/Src/stm32g4xx_hal_rcc.o
 .text.HAL_RCCEx_PeriphCLKConfig
                0x0000000008004468      0x3e0 ./Drivers/STM32G4xx_HAL_Driver/Src/stm32g4xx_hal_rcc_ex.o
                0x0000000008004468                HAL_RCCEx_PeriphCLKConfig
 .text.HAL_TIM_Base_Init
                0x0000000008004848       0xae ./Drivers/STM32G4xx_HAL_Driver/Src/stm32g4xx_hal_tim.o
                0x0000000008004848                HAL_TIM_Base_Init
 *fill*         0x00000000080048f6        0x2 
 .text.HAL_TIM_Base_Start_IT
                0x00000000080048f8       0xd4 ./Drivers/STM32G4xx_HAL_Driver/Src/stm32g4xx_hal_tim.o
                0x00000000080048f8                HAL_TIM_Base_Start_IT
 .text.HAL_TIM_PWM_Init
                0x00000000080049cc       0xae ./Drivers/STM32G4xx_HAL_Driver/Src/stm32g4xx_hal_tim.o
                0x00000000080049cc                HAL_TIM_PWM_Init
 *fill*         0x0000000008004a7a        0x2 
 .text.HAL_TIM_PWM_Start
                0x0000000008004a7c      0x200 ./Drivers/STM32G4xx_HAL_Driver/Src/stm32g4xx_hal_tim.o
                0x0000000008004a7c                HAL_TIM_PWM_Start
 .text.HAL_TIM_PWM_Start_DMA
                0x0000000008004c7c      0x424 ./Drivers/STM32G4xx_HAL_Driver/Src/stm32g4xx_hal_tim.o
                0x0000000008004c7c                HAL_TIM_PWM_Start_DMA
 .text.HAL_TIM_PWM_Stop_DMA
                0x00000000080050a0      0x1e0 ./Drivers/STM32G4xx_HAL_Driver/Src/stm32g4xx_hal_tim.o
                0x00000000080050a0                HAL_TIM_PWM_Stop_DMA
 .text.HAL_TIM_Encoder_Init
                0x0000000008005280      0x14c ./Drivers/STM32G4xx_HAL_Driver/Src/stm32g4xx_hal_tim.o
                0x0000000008005280                HAL_TIM_Encoder_Init
 .text.HAL_TIM_Encoder_Start
                0x00000000080053cc      0x11c ./Drivers/STM32G4xx_HAL_Driver/Src/stm32g4xx_hal_tim.o
                0x00000000080053cc                HAL_TIM_Encoder_Start
 .text.HAL_TIM_IRQHandler
                0x00000000080054e8      0x2fe ./Drivers/STM32G4xx_HAL_Driver/Src/stm32g4xx_hal_tim.o
                0x00000000080054e8                HAL_TIM_IRQHandler
 *fill*         0x00000000080057e6        0x2 
 .text.HAL_TIM_PWM_ConfigChannel
                0x00000000080057e8      0x220 ./Drivers/STM32G4xx_HAL_Driver/Src/stm32g4xx_hal_tim.o
                0x00000000080057e8                HAL_TIM_PWM_ConfigChannel
 .text.HAL_TIM_OC_DelayElapsedCallback
                0x0000000008005a08       0x14 ./Drivers/STM32G4xx_HAL_Driver/Src/stm32g4xx_hal_tim.o
                0x0000000008005a08                HAL_TIM_OC_DelayElapsedCallback
 .text.HAL_TIM_IC_CaptureCallback
                0x0000000008005a1c       0x14 ./Drivers/STM32G4xx_HAL_Driver/Src/stm32g4xx_hal_tim.o
                0x0000000008005a1c                HAL_TIM_IC_CaptureCallback
 .text.HAL_TIM_PWM_PulseFinishedCallback
                0x0000000008005a30       0x14 ./Drivers/STM32G4xx_HAL_Driver/Src/stm32g4xx_hal_tim.o
                0x0000000008005a30                HAL_TIM_PWM_PulseFinishedCallback
 .text.HAL_TIM_PWM_PulseFinishedHalfCpltCallback
                0x0000000008005a44       0x14 ./Drivers/STM32G4xx_HAL_Driver/Src/stm32g4xx_hal_tim.o
                0x0000000008005a44                HAL_TIM_PWM_PulseFinishedHalfCpltCallback
 .text.HAL_TIM_TriggerCallback
                0x0000000008005a58       0x14 ./Drivers/STM32G4xx_HAL_Driver/Src/stm32g4xx_hal_tim.o
                0x0000000008005a58                HAL_TIM_TriggerCallback
 .text.HAL_TIM_ErrorCallback
                0x0000000008005a6c       0x14 ./Drivers/STM32G4xx_HAL_Driver/Src/stm32g4xx_hal_tim.o
                0x0000000008005a6c                HAL_TIM_ErrorCallback
 .text.TIM_DMAError
                0x0000000008005a80       0x92 ./Drivers/STM32G4xx_HAL_Driver/Src/stm32g4xx_hal_tim.o
                0x0000000008005a80                TIM_DMAError
 .text.TIM_DMADelayPulseCplt
                0x0000000008005b12       0xa8 ./Drivers/STM32G4xx_HAL_Driver/Src/stm32g4xx_hal_tim.o
 .text.TIM_DMADelayPulseHalfCplt
                0x0000000008005bba       0x68 ./Drivers/STM32G4xx_HAL_Driver/Src/stm32g4xx_hal_tim.o
                0x0000000008005bba                TIM_DMADelayPulseHalfCplt
 *fill*         0x0000000008005c22        0x2 
 .text.TIM_Base_SetConfig
                0x0000000008005c24      0x120 ./Drivers/STM32G4xx_HAL_Driver/Src/stm32g4xx_hal_tim.o
                0x0000000008005c24                TIM_Base_SetConfig
 .text.TIM_OC1_SetConfig
                0x0000000008005d44      0x120 ./Drivers/STM32G4xx_HAL_Driver/Src/stm32g4xx_hal_tim.o
 .text.TIM_OC2_SetConfig
                0x0000000008005e64      0x114 ./Drivers/STM32G4xx_HAL_Driver/Src/stm32g4xx_hal_tim.o
                0x0000000008005e64                TIM_OC2_SetConfig
 .text.TIM_OC3_SetConfig
                0x0000000008005f78      0x110 ./Drivers/STM32G4xx_HAL_Driver/Src/stm32g4xx_hal_tim.o
 .text.TIM_OC4_SetConfig
                0x0000000008006088      0x114 ./Drivers/STM32G4xx_HAL_Driver/Src/stm32g4xx_hal_tim.o
 .text.TIM_OC5_SetConfig
                0x000000000800619c       0xc8 ./Drivers/STM32G4xx_HAL_Driver/Src/stm32g4xx_hal_tim.o
 .text.TIM_OC6_SetConfig
                0x0000000008006264       0xcc ./Drivers/STM32G4xx_HAL_Driver/Src/stm32g4xx_hal_tim.o
 .text.TIM_CCxChannelCmd
                0x0000000008006330       0x4a ./Drivers/STM32G4xx_HAL_Driver/Src/stm32g4xx_hal_tim.o
                0x0000000008006330                TIM_CCxChannelCmd
 *fill*         0x000000000800637a        0x2 
 .text.HAL_TIMEx_MasterConfigSynchronization
                0x000000000800637c      0x104 ./Drivers/STM32G4xx_HAL_Driver/Src/stm32g4xx_hal_tim_ex.o
                0x000000000800637c                HAL_TIMEx_MasterConfigSynchronization
 .text.HAL_TIMEx_ConfigBreakDeadTime
                0x0000000008006480      0x140 ./Drivers/STM32G4xx_HAL_Driver/Src/stm32g4xx_hal_tim_ex.o
                0x0000000008006480                HAL_TIMEx_ConfigBreakDeadTime
 .text.HAL_TIMEx_CommutCallback
                0x00000000080065c0       0x14 ./Drivers/STM32G4xx_HAL_Driver/Src/stm32g4xx_hal_tim_ex.o
                0x00000000080065c0                HAL_TIMEx_CommutCallback
 .text.HAL_TIMEx_BreakCallback
                0x00000000080065d4       0x14 ./Drivers/STM32G4xx_HAL_Driver/Src/stm32g4xx_hal_tim_ex.o
                0x00000000080065d4                HAL_TIMEx_BreakCallback
 .text.HAL_TIMEx_Break2Callback
                0x00000000080065e8       0x14 ./Drivers/STM32G4xx_HAL_Driver/Src/stm32g4xx_hal_tim_ex.o
                0x00000000080065e8                HAL_TIMEx_Break2Callback
 .text.HAL_TIMEx_EncoderIndexCallback
                0x00000000080065fc       0x14 ./Drivers/STM32G4xx_HAL_Driver/Src/stm32g4xx_hal_tim_ex.o
                0x00000000080065fc                HAL_TIMEx_EncoderIndexCallback
 .text.HAL_TIMEx_DirectionChangeCallback
                0x0000000008006610       0x14 ./Drivers/STM32G4xx_HAL_Driver/Src/stm32g4xx_hal_tim_ex.o
                0x0000000008006610                HAL_TIMEx_DirectionChangeCallback
 .text.HAL_TIMEx_IndexErrorCallback
                0x0000000008006624       0x14 ./Drivers/STM32G4xx_HAL_Driver/Src/stm32g4xx_hal_tim_ex.o
                0x0000000008006624                HAL_TIMEx_IndexErrorCallback
 .text.HAL_TIMEx_TransitionErrorCallback
                0x0000000008006638       0x14 ./Drivers/STM32G4xx_HAL_Driver/Src/stm32g4xx_hal_tim_ex.o
                0x0000000008006638                HAL_TIMEx_TransitionErrorCallback
 .text.USB_EnableGlobalInt
                0x000000000800664c       0x2e ./Drivers/STM32G4xx_HAL_Driver/Src/stm32g4xx_ll_usb.o
                0x000000000800664c                USB_EnableGlobalInt
 .text.USB_DisableGlobalInt
                0x000000000800667a       0x36 ./Drivers/STM32G4xx_HAL_Driver/Src/stm32g4xx_ll_usb.o
                0x000000000800667a                USB_DisableGlobalInt
 .text.USB_DevInit
                0x00000000080066b0       0x42 ./Drivers/STM32G4xx_HAL_Driver/Src/stm32g4xx_ll_usb.o
                0x00000000080066b0                USB_DevInit
 *fill*         0x00000000080066f2        0x2 
 .text.USB_ActivateEndpoint
                0x00000000080066f4      0x6dc ./Drivers/STM32G4xx_HAL_Driver/Src/stm32g4xx_ll_usb.o
                0x00000000080066f4                USB_ActivateEndpoint
 .text.USB_DeactivateEndpoint
                0x0000000008006dd0      0x3da ./Drivers/STM32G4xx_HAL_Driver/Src/stm32g4xx_ll_usb.o
                0x0000000008006dd0                USB_DeactivateEndpoint
 .text.USB_EPStartXfer
                0x00000000080071aa     0x15ee ./Drivers/STM32G4xx_HAL_Driver/Src/stm32g4xx_ll_usb.o
                0x00000000080071aa                USB_EPStartXfer
 .text.USB_EPSetStall
                0x0000000008008798       0xa2 ./Drivers/STM32G4xx_HAL_Driver/Src/stm32g4xx_ll_usb.o
                0x0000000008008798                USB_EPSetStall
 .text.USB_EPClearStall
                0x000000000800883a      0x15c ./Drivers/STM32G4xx_HAL_Driver/Src/stm32g4xx_ll_usb.o
                0x000000000800883a                USB_EPClearStall
 .text.USB_SetDevAddress
                0x0000000008008996       0x28 ./Drivers/STM32G4xx_HAL_Driver/Src/stm32g4xx_ll_usb.o
                0x0000000008008996                USB_SetDevAddress
 .text.USB_DevConnect
                0x00000000080089be       0x2e ./Drivers/STM32G4xx_HAL_Driver/Src/stm32g4xx_ll_usb.o
                0x00000000080089be                USB_DevConnect
 .text.USB_ReadInterrupts
                0x00000000080089ec       0x20 ./Drivers/STM32G4xx_HAL_Driver/Src/stm32g4xx_ll_usb.o
                0x00000000080089ec                USB_ReadInterrupts
 .text.USB_WritePMA
                0x0000000008008a0c       0x84 ./Drivers/STM32G4xx_HAL_Driver/Src/stm32g4xx_ll_usb.o
                0x0000000008008a0c                USB_WritePMA
 .text.USB_ReadPMA
                0x0000000008008a90       0x98 ./Drivers/STM32G4xx_HAL_Driver/Src/stm32g4xx_ll_usb.o
                0x0000000008008a90                USB_ReadPMA
 .text.USBD_CDC_Init
                0x0000000008008b28       0xfe ./Middlewares/ST/STM32_USB_Device_Library/Class/CDC/Src/usbd_cdc.o
 .text.USBD_CDC_DeInit
                0x0000000008008c26       0x74 ./Middlewares/ST/STM32_USB_Device_Library/Class/CDC/Src/usbd_cdc.o
 *fill*         0x0000000008008c9a        0x2 
 .text.USBD_CDC_Setup
                0x0000000008008c9c      0x190 ./Middlewares/ST/STM32_USB_Device_Library/Class/CDC/Src/usbd_cdc.o
 .text.USBD_CDC_DataIn
                0x0000000008008e2c       0xca ./Middlewares/ST/STM32_USB_Device_Library/Class/CDC/Src/usbd_cdc.o
 .text.USBD_CDC_DataOut
                0x0000000008008ef6       0x56 ./Middlewares/ST/STM32_USB_Device_Library/Class/CDC/Src/usbd_cdc.o
 .text.USBD_CDC_EP0_RxReady
                0x0000000008008f4c       0x5a ./Middlewares/ST/STM32_USB_Device_Library/Class/CDC/Src/usbd_cdc.o
 *fill*         0x0000000008008fa6        0x2 
 .text.USBD_CDC_GetFSCfgDesc
                0x0000000008008fa8       0x20 ./Middlewares/ST/STM32_USB_Device_Library/Class/CDC/Src/usbd_cdc.o
 .text.USBD_CDC_GetHSCfgDesc
                0x0000000008008fc8       0x20 ./Middlewares/ST/STM32_USB_Device_Library/Class/CDC/Src/usbd_cdc.o
 .text.USBD_CDC_GetOtherSpeedCfgDesc
                0x0000000008008fe8       0x20 ./Middlewares/ST/STM32_USB_Device_Library/Class/CDC/Src/usbd_cdc.o
 .text.USBD_CDC_GetDeviceQualifierDescriptor
                0x0000000008009008       0x20 ./Middlewares/ST/STM32_USB_Device_Library/Class/CDC/Src/usbd_cdc.o
                0x0000000008009008                USBD_CDC_GetDeviceQualifierDescriptor
 .text.USBD_CDC_RegisterInterface
                0x0000000008009028       0x2a ./Middlewares/ST/STM32_USB_Device_Library/Class/CDC/Src/usbd_cdc.o
                0x0000000008009028                USBD_CDC_RegisterInterface
 .text.USBD_CDC_SetTxBuffer
                0x0000000008009052       0x3c ./Middlewares/ST/STM32_USB_Device_Library/Class/CDC/Src/usbd_cdc.o
                0x0000000008009052                USBD_CDC_SetTxBuffer
 .text.USBD_CDC_SetRxBuffer
                0x000000000800908e       0x32 ./Middlewares/ST/STM32_USB_Device_Library/Class/CDC/Src/usbd_cdc.o
                0x000000000800908e                USBD_CDC_SetRxBuffer
 .text.USBD_CDC_TransmitPacket
                0x00000000080090c0       0x60 ./Middlewares/ST/STM32_USB_Device_Library/Class/CDC/Src/usbd_cdc.o
                0x00000000080090c0                USBD_CDC_TransmitPacket
 .text.USBD_CDC_ReceivePacket
                0x0000000008009120       0x54 ./Middlewares/ST/STM32_USB_Device_Library/Class/CDC/Src/usbd_cdc.o
                0x0000000008009120                USBD_CDC_ReceivePacket
 .text.USBD_Init
                0x0000000008009174       0x60 ./Middlewares/ST/STM32_USB_Device_Library/Core/Src/usbd_core.o
                0x0000000008009174                USBD_Init
 .text.USBD_RegisterClass
                0x00000000080091d4       0x4e ./Middlewares/ST/STM32_USB_Device_Library/Core/Src/usbd_core.o
                0x00000000080091d4                USBD_RegisterClass
 .text.USBD_Start
                0x0000000008009222       0x18 ./Middlewares/ST/STM32_USB_Device_Library/Core/Src/usbd_core.o
                0x0000000008009222                USBD_Start
 .text.USBD_RunTestMode
                0x000000000800923a       0x16 ./Middlewares/ST/STM32_USB_Device_Library/Core/Src/usbd_core.o
                0x000000000800923a                USBD_RunTestMode
 .text.USBD_SetClassConfig
                0x0000000008009250       0x38 ./Middlewares/ST/STM32_USB_Device_Library/Core/Src/usbd_core.o
                0x0000000008009250                USBD_SetClassConfig
 .text.USBD_ClrClassConfig
                0x0000000008009288       0x30 ./Middlewares/ST/STM32_USB_Device_Library/Core/Src/usbd_core.o
                0x0000000008009288                USBD_ClrClassConfig
 .text.USBD_LL_SetupStage
                0x00000000080092b8       0xaa ./Middlewares/ST/STM32_USB_Device_Library/Core/Src/usbd_core.o
                0x00000000080092b8                USBD_LL_SetupStage
 .text.USBD_LL_DataOutStage
                0x0000000008009362       0xc6 ./Middlewares/ST/STM32_USB_Device_Library/Core/Src/usbd_core.o
                0x0000000008009362                USBD_LL_DataOutStage
 .text.USBD_LL_DataInStage
                0x0000000008009428      0x12c ./Middlewares/ST/STM32_USB_Device_Library/Core/Src/usbd_core.o
                0x0000000008009428                USBD_LL_DataInStage
 .text.USBD_LL_Reset
                0x0000000008009554       0x9c ./Middlewares/ST/STM32_USB_Device_Library/Core/Src/usbd_core.o
                0x0000000008009554                USBD_LL_Reset
 .text.USBD_LL_SetSpeed
                0x00000000080095f0       0x20 ./Middlewares/ST/STM32_USB_Device_Library/Core/Src/usbd_core.o
                0x00000000080095f0                USBD_LL_SetSpeed
 .text.USBD_LL_Suspend
                0x0000000008009610       0x2c ./Middlewares/ST/STM32_USB_Device_Library/Core/Src/usbd_core.o
                0x0000000008009610                USBD_LL_Suspend
 .text.USBD_LL_Resume
                0x000000000800963c       0x30 ./Middlewares/ST/STM32_USB_Device_Library/Core/Src/usbd_core.o
                0x000000000800963c                USBD_LL_Resume
 .text.USBD_LL_SOF
                0x000000000800966c       0x44 ./Middlewares/ST/STM32_USB_Device_Library/Core/Src/usbd_core.o
                0x000000000800966c                USBD_LL_SOF
 .text.SWAPBYTE
                0x00000000080096b0       0x3c ./Middlewares/ST/STM32_USB_Device_Library/Core/Src/usbd_ctlreq.o
 .text.USBD_StdDevReq
                0x00000000080096ec       0xdc ./Middlewares/ST/STM32_USB_Device_Library/Core/Src/usbd_ctlreq.o
                0x00000000080096ec                USBD_StdDevReq
 .text.USBD_StdItfReq
                0x00000000080097c8       0x92 ./Middlewares/ST/STM32_USB_Device_Library/Core/Src/usbd_ctlreq.o
                0x00000000080097c8                USBD_StdItfReq
 .text.USBD_StdEPReq
                0x000000000800985a      0x2c4 ./Middlewares/ST/STM32_USB_Device_Library/Core/Src/usbd_ctlreq.o
                0x000000000800985a                USBD_StdEPReq
 *fill*         0x0000000008009b1e        0x2 
 .text.USBD_GetDescriptor
                0x0000000008009b20      0x328 ./Middlewares/ST/STM32_USB_Device_Library/Core/Src/usbd_ctlreq.o
 .text.USBD_SetAddress
                0x0000000008009e48       0x88 ./Middlewares/ST/STM32_USB_Device_Library/Core/Src/usbd_ctlreq.o
 .text.USBD_SetConfig
                0x0000000008009ed0      0x14c ./Middlewares/ST/STM32_USB_Device_Library/Core/Src/usbd_ctlreq.o
 .text.USBD_GetConfig
                0x000000000800a01c       0x6c ./Middlewares/ST/STM32_USB_Device_Library/Core/Src/usbd_ctlreq.o
 .text.USBD_GetStatus
                0x000000000800a088       0x68 ./Middlewares/ST/STM32_USB_Device_Library/Core/Src/usbd_ctlreq.o
 .text.USBD_SetFeature
                0x000000000800a0f0       0x28 ./Middlewares/ST/STM32_USB_Device_Library/Core/Src/usbd_ctlreq.o
 .text.USBD_ClrFeature
                0x000000000800a118       0x44 ./Middlewares/ST/STM32_USB_Device_Library/Core/Src/usbd_ctlreq.o
 .text.USBD_ParseSetupRequest
                0x000000000800a15c       0x74 ./Middlewares/ST/STM32_USB_Device_Library/Core/Src/usbd_ctlreq.o
                0x000000000800a15c                USBD_ParseSetupRequest
 .text.USBD_CtlError
                0x000000000800a1d0       0x22 ./Middlewares/ST/STM32_USB_Device_Library/Core/Src/usbd_ctlreq.o
                0x000000000800a1d0                USBD_CtlError
 .text.USBD_GetString
                0x000000000800a1f2       0x8c ./Middlewares/ST/STM32_USB_Device_Library/Core/Src/usbd_ctlreq.o
                0x000000000800a1f2                USBD_GetString
 .text.USBD_GetLen
                0x000000000800a27e       0x34 ./Middlewares/ST/STM32_USB_Device_Library/Core/Src/usbd_ctlreq.o
 .text.USBD_CtlSendData
                0x000000000800a2b2       0x36 ./Middlewares/ST/STM32_USB_Device_Library/Core/Src/usbd_ioreq.o
                0x000000000800a2b2                USBD_CtlSendData
 .text.USBD_CtlContinueSendData
                0x000000000800a2e8       0x22 ./Middlewares/ST/STM32_USB_Device_Library/Core/Src/usbd_ioreq.o
                0x000000000800a2e8                USBD_CtlContinueSendData
 .text.USBD_CtlPrepareRx
                0x000000000800a30a       0x3a ./Middlewares/ST/STM32_USB_Device_Library/Core/Src/usbd_ioreq.o
                0x000000000800a30a                USBD_CtlPrepareRx
 .text.USBD_CtlContinueRx
                0x000000000800a344       0x22 ./Middlewares/ST/STM32_USB_Device_Library/Core/Src/usbd_ioreq.o
                0x000000000800a344                USBD_CtlContinueRx
 .text.USBD_CtlSendStatus
                0x000000000800a366       0x26 ./Middlewares/ST/STM32_USB_Device_Library/Core/Src/usbd_ioreq.o
                0x000000000800a366                USBD_CtlSendStatus
 .text.USBD_CtlReceiveStatus
                0x000000000800a38c       0x26 ./Middlewares/ST/STM32_USB_Device_Library/Core/Src/usbd_ioreq.o
                0x000000000800a38c                USBD_CtlReceiveStatus
 *fill*         0x000000000800a3b2        0x2 
 .text.MX_USB_Device_Init
                0x000000000800a3b4       0x60 ./USB_Device/App/usb_device.o
                0x000000000800a3b4                MX_USB_Device_Init
 .text.CDC_Init_FS
                0x000000000800a414       0x28 ./USB_Device/App/usbd_cdc_if.o
 .text.CDC_DeInit_FS
                0x000000000800a43c       0x10 ./USB_Device/App/usbd_cdc_if.o
 .text.CDC_Control_FS
                0x000000000800a44c       0xbc ./USB_Device/App/usbd_cdc_if.o
 .text.CDC_Receive_FS
                0x000000000800a508       0x30 ./USB_Device/App/usbd_cdc_if.o
 .text.CDC_Transmit_FS
                0x000000000800a538       0x4c ./USB_Device/App/usbd_cdc_if.o
                0x000000000800a538                CDC_Transmit_FS
 .text.CDC_TransmitCplt_FS
                0x000000000800a584       0x22 ./USB_Device/App/usbd_cdc_if.o
 *fill*         0x000000000800a5a6        0x2 
 .text.USBD_CDC_DeviceDescriptor
                0x000000000800a5a8       0x24 ./USB_Device/App/usbd_desc.o
                0x000000000800a5a8                USBD_CDC_DeviceDescriptor
 .text.USBD_CDC_LangIDStrDescriptor
                0x000000000800a5cc       0x24 ./USB_Device/App/usbd_desc.o
                0x000000000800a5cc                USBD_CDC_LangIDStrDescriptor
 .text.USBD_CDC_ProductStrDescriptor
                0x000000000800a5f0       0x3c ./USB_Device/App/usbd_desc.o
                0x000000000800a5f0                USBD_CDC_ProductStrDescriptor
 .text.USBD_CDC_ManufacturerStrDescriptor
                0x000000000800a62c       0x28 ./USB_Device/App/usbd_desc.o
                0x000000000800a62c                USBD_CDC_ManufacturerStrDescriptor
 .text.USBD_CDC_SerialStrDescriptor
                0x000000000800a654       0x24 ./USB_Device/App/usbd_desc.o
                0x000000000800a654                USBD_CDC_SerialStrDescriptor
 .text.USBD_CDC_ConfigStrDescriptor
                0x000000000800a678       0x3c ./USB_Device/App/usbd_desc.o
                0x000000000800a678                USBD_CDC_ConfigStrDescriptor
 .text.USBD_CDC_InterfaceStrDescriptor
                0x000000000800a6b4       0x3c ./USB_Device/App/usbd_desc.o
                0x000000000800a6b4                USBD_CDC_InterfaceStrDescriptor
 .text.Get_SerialNum
                0x000000000800a6f0       0x58 ./USB_Device/App/usbd_desc.o
 .text.IntToUnicode
                0x000000000800a748       0x7e ./USB_Device/App/usbd_desc.o
 *fill*         0x000000000800a7c6        0x2 
 .text.HAL_PCD_MspInit
                0x000000000800a7c8       0x4c ./USB_Device/Target/usbd_conf.o
                0x000000000800a7c8                HAL_PCD_MspInit
 .text.HAL_PCD_SetupStageCallback
                0x000000000800a814       0x24 ./USB_Device/Target/usbd_conf.o
                0x000000000800a814                HAL_PCD_SetupStageCallback
 .text.HAL_PCD_DataOutStageCallback
                0x000000000800a838       0x36 ./USB_Device/Target/usbd_conf.o
                0x000000000800a838                HAL_PCD_DataOutStageCallback
 .text.HAL_PCD_DataInStageCallback
                0x000000000800a86e       0x34 ./USB_Device/Target/usbd_conf.o
                0x000000000800a86e                HAL_PCD_DataInStageCallback
 .text.HAL_PCD_SOFCallback
                0x000000000800a8a2       0x1c ./USB_Device/Target/usbd_conf.o
                0x000000000800a8a2                HAL_PCD_SOFCallback
 .text.HAL_PCD_ResetCallback
                0x000000000800a8be       0x3c ./USB_Device/Target/usbd_conf.o
                0x000000000800a8be                HAL_PCD_ResetCallback
 *fill*         0x000000000800a8fa        0x2 
 .text.HAL_PCD_SuspendCallback
                0x000000000800a8fc       0x34 ./USB_Device/Target/usbd_conf.o
                0x000000000800a8fc                HAL_PCD_SuspendCallback
 .text.HAL_PCD_ResumeCallback
                0x000000000800a930       0x38 ./USB_Device/Target/usbd_conf.o
                0x000000000800a930                HAL_PCD_ResumeCallback
 .text.USBD_LL_Init
                0x000000000800a968       0xc0 ./USB_Device/Target/usbd_conf.o
                0x000000000800a968                USBD_LL_Init
 .text.USBD_LL_Start
                0x000000000800aa28       0x36 ./USB_Device/Target/usbd_conf.o
                0x000000000800aa28                USBD_LL_Start
 .text.USBD_LL_OpenEP
                0x000000000800aa5e       0x4c ./USB_Device/Target/usbd_conf.o
                0x000000000800aa5e                USBD_LL_OpenEP
 .text.USBD_LL_CloseEP
                0x000000000800aaaa       0x3e ./USB_Device/Target/usbd_conf.o
                0x000000000800aaaa                USBD_LL_CloseEP
 .text.USBD_LL_StallEP
                0x000000000800aae8       0x3e ./USB_Device/Target/usbd_conf.o
                0x000000000800aae8                USBD_LL_StallEP
 .text.USBD_LL_ClearStallEP
                0x000000000800ab26       0x3e ./USB_Device/Target/usbd_conf.o
                0x000000000800ab26                USBD_LL_ClearStallEP
 .text.USBD_LL_IsStallEP
                0x000000000800ab64       0x5a ./USB_Device/Target/usbd_conf.o
                0x000000000800ab64                USBD_LL_IsStallEP
 .text.USBD_LL_SetUSBAddress
                0x000000000800abbe       0x3e ./USB_Device/Target/usbd_conf.o
                0x000000000800abbe                USBD_LL_SetUSBAddress
 .text.USBD_LL_Transmit
                0x000000000800abfc       0x42 ./USB_Device/Target/usbd_conf.o
                0x000000000800abfc                USBD_LL_Transmit
 .text.USBD_LL_PrepareReceive
                0x000000000800ac3e       0x42 ./USB_Device/Target/usbd_conf.o
                0x000000000800ac3e                USBD_LL_PrepareReceive
 .text.USBD_LL_GetRxDataSize
                0x000000000800ac80       0x26 ./USB_Device/Target/usbd_conf.o
                0x000000000800ac80                USBD_LL_GetRxDataSize
 *fill*         0x000000000800aca6        0x2 
 .text.HAL_PCDEx_LPM_Callback
                0x000000000800aca8       0x6c ./USB_Device/Target/usbd_conf.o
                0x000000000800aca8                HAL_PCDEx_LPM_Callback
 .text.USBD_static_malloc
                0x000000000800ad14       0x1c ./USB_Device/Target/usbd_conf.o
                0x000000000800ad14                USBD_static_malloc
 .text.USBD_static_free
                0x000000000800ad30       0x14 ./USB_Device/Target/usbd_conf.o
                0x000000000800ad30                USBD_static_free
 .text.SystemClockConfig_Resume
                0x000000000800ad44        0xc ./USB_Device/Target/usbd_conf.o
 .text.USBD_Get_USB_Status
                0x000000000800ad50       0x58 ./USB_Device/Target/usbd_conf.o
 .text.__libc_init_array
                0x000000000800ada8       0x48 c:/st/stm32cubeide_1.7.0/stm32cubeide/plugins/com.st.stm32cube.ide.mcu.externaltools.gnu-tools-for-stm32.9-2020-q2-update.win32_2.0.0.202105311346/tools/bin/../lib/gcc/arm-none-eabi/9.3.1/../../../../arm-none-eabi/lib/thumb/v7e-m+fp/hard\libc_nano.a(lib_a-init.o)
                0x000000000800ada8                __libc_init_array
 .text.memcpy   0x000000000800adf0       0x1c c:/st/stm32cubeide_1.7.0/stm32cubeide/plugins/com.st.stm32cube.ide.mcu.externaltools.gnu-tools-for-stm32.9-2020-q2-update.win32_2.0.0.202105311346/tools/bin/../lib/gcc/arm-none-eabi/9.3.1/../../../../arm-none-eabi/lib/thumb/v7e-m+fp/hard\libc_nano.a(lib_a-memcpy-stub.o)
                0x000000000800adf0                memcpy
 .text.memset   0x000000000800ae0c       0x10 c:/st/stm32cubeide_1.7.0/stm32cubeide/plugins/com.st.stm32cube.ide.mcu.externaltools.gnu-tools-for-stm32.9-2020-q2-update.win32_2.0.0.202105311346/tools/bin/../lib/gcc/arm-none-eabi/9.3.1/../../../../arm-none-eabi/lib/thumb/v7e-m+fp/hard\libc_nano.a(lib_a-memset.o)
                0x000000000800ae0c                memset
 *(.glue_7)
 .glue_7        0x000000000800ae1c        0x0 linker stubs
 *(.glue_7t)
 .glue_7t       0x000000000800ae1c        0x0 linker stubs
 *(.eh_frame)
 .eh_frame      0x000000000800ae1c        0x0 c:/st/stm32cubeide_1.7.0/stm32cubeide/plugins/com.st.stm32cube.ide.mcu.externaltools.gnu-tools-for-stm32.9-2020-q2-update.win32_2.0.0.202105311346/tools/bin/../lib/gcc/arm-none-eabi/9.3.1/thumb/v7e-m+fp/hard/crtbegin.o
 *(.init)
 .init          0x000000000800ae1c        0x4 c:/st/stm32cubeide_1.7.0/stm32cubeide/plugins/com.st.stm32cube.ide.mcu.externaltools.gnu-tools-for-stm32.9-2020-q2-update.win32_2.0.0.202105311346/tools/bin/../lib/gcc/arm-none-eabi/9.3.1/thumb/v7e-m+fp/hard/crti.o
                0x000000000800ae1c                _init
 .init          0x000000000800ae20        0x8 c:/st/stm32cubeide_1.7.0/stm32cubeide/plugins/com.st.stm32cube.ide.mcu.externaltools.gnu-tools-for-stm32.9-2020-q2-update.win32_2.0.0.202105311346/tools/bin/../lib/gcc/arm-none-eabi/9.3.1/thumb/v7e-m+fp/hard/crtn.o
 *(.fini)
 .fini          0x000000000800ae28        0x4 c:/st/stm32cubeide_1.7.0/stm32cubeide/plugins/com.st.stm32cube.ide.mcu.externaltools.gnu-tools-for-stm32.9-2020-q2-update.win32_2.0.0.202105311346/tools/bin/../lib/gcc/arm-none-eabi/9.3.1/thumb/v7e-m+fp/hard/crti.o
                0x000000000800ae28                _fini
 .fini          0x000000000800ae2c        0x8 c:/st/stm32cubeide_1.7.0/stm32cubeide/plugins/com.st.stm32cube.ide.mcu.externaltools.gnu-tools-for-stm32.9-2020-q2-update.win32_2.0.0.202105311346/tools/bin/../lib/gcc/arm-none-eabi/9.3.1/thumb/v7e-m+fp/hard/crtn.o
                0x000000000800ae34                . = ALIGN (0x4)
                0x000000000800ae34                _etext = .

.vfp11_veneer   0x000000000800ae34        0x0
 .vfp11_veneer  0x000000000800ae34        0x0 linker stubs

.v4_bx          0x000000000800ae34        0x0
 .v4_bx         0x000000000800ae34        0x0 linker stubs

.iplt           0x000000000800ae34        0x0
 .iplt          0x000000000800ae34        0x0 c:/st/stm32cubeide_1.7.0/stm32cubeide/plugins/com.st.stm32cube.ide.mcu.externaltools.gnu-tools-for-stm32.9-2020-q2-update.win32_2.0.0.202105311346/tools/bin/../lib/gcc/arm-none-eabi/9.3.1/thumb/v7e-m+fp/hard/crtbegin.o

.rodata         0x000000000800ae34       0x58
                0x000000000800ae34                . = ALIGN (0x4)
 *(.rodata)
 .rodata        0x000000000800ae34       0x46 ./USB_Device/App/usbd_desc.o
 *(.rodata*)
 *fill*         0x000000000800ae7a        0x2 
 .rodata.AHBPrescTable
                0x000000000800ae7c       0x10 ./Core/Src/system_stm32g4xx.o
                0x000000000800ae7c                AHBPrescTable
                0x000000000800ae8c                . = ALIGN (0x4)

.rel.dyn        0x000000000800ae8c        0x0
 .rel.iplt      0x000000000800ae8c        0x0 c:/st/stm32cubeide_1.7.0/stm32cubeide/plugins/com.st.stm32cube.ide.mcu.externaltools.gnu-tools-for-stm32.9-2020-q2-update.win32_2.0.0.202105311346/tools/bin/../lib/gcc/arm-none-eabi/9.3.1/thumb/v7e-m+fp/hard/crtbegin.o

.ARM.extab      0x000000000800ae8c        0x0
                0x000000000800ae8c                . = ALIGN (0x4)
 *(.ARM.extab* .gnu.linkonce.armextab.*)
                0x000000000800ae8c                . = ALIGN (0x4)

.ARM            0x000000000800ae8c        0x0
                0x000000000800ae8c                . = ALIGN (0x4)
                0x000000000800ae8c                __exidx_start = .
 *(.ARM.exidx*)
                0x000000000800ae8c                __exidx_end = .
                0x000000000800ae8c                . = ALIGN (0x4)

.preinit_array  0x000000000800ae8c        0x0
                0x000000000800ae8c                . = ALIGN (0x4)
                0x000000000800ae8c                PROVIDE (__preinit_array_start = .)
 *(.preinit_array*)
                0x000000000800ae8c                PROVIDE (__preinit_array_end = .)
                0x000000000800ae8c                . = ALIGN (0x4)

.init_array     0x000000000800ae8c        0x4
                0x000000000800ae8c                . = ALIGN (0x4)
                0x000000000800ae8c                PROVIDE (__init_array_start = .)
 *(SORT_BY_NAME(.init_array.*))
 *(.init_array*)
 .init_array    0x000000000800ae8c        0x4 c:/st/stm32cubeide_1.7.0/stm32cubeide/plugins/com.st.stm32cube.ide.mcu.externaltools.gnu-tools-for-stm32.9-2020-q2-update.win32_2.0.0.202105311346/tools/bin/../lib/gcc/arm-none-eabi/9.3.1/thumb/v7e-m+fp/hard/crtbegin.o
                0x000000000800ae90                PROVIDE (__init_array_end = .)
                0x000000000800ae90                . = ALIGN (0x4)

.fini_array     0x000000000800ae90        0x4
                0x000000000800ae90                . = ALIGN (0x4)
                [!provide]                        PROVIDE (__fini_array_start = .)
 *(SORT_BY_NAME(.fini_array.*))
 *(.fini_array*)
 .fini_array    0x000000000800ae90        0x4 c:/st/stm32cubeide_1.7.0/stm32cubeide/plugins/com.st.stm32cube.ide.mcu.externaltools.gnu-tools-for-stm32.9-2020-q2-update.win32_2.0.0.202105311346/tools/bin/../lib/gcc/arm-none-eabi/9.3.1/thumb/v7e-m+fp/hard/crtbegin.o
                [!provide]                        PROVIDE (__fini_array_end = .)
                0x000000000800ae94                . = ALIGN (0x4)
                0x000000000800ae94                _sidata = LOADADDR (.data)

.data           0x0000000020000000      0x1d4 load address 0x000000000800ae94
                0x0000000020000000                . = ALIGN (0x4)
                0x0000000020000000                _sdata = .
 *(.data)
 *(.data*)
 .data.motor1Control
                0x0000000020000000       0x14 ./Core/Src/main.o
                0x0000000020000000                motor1Control
 .data.motor2Control
                0x0000000020000014       0x14 ./Core/Src/main.o
                0x0000000020000014                motor2Control
 .data.motor3Control
                0x0000000020000028       0x14 ./Core/Src/main.o
                0x0000000020000028                motor3Control
 .data.feedback
                0x000000002000003c        0x8 ./Core/Src/main.o
                0x000000002000003c                feedback
 .data.encoder  0x0000000020000044        0xc ./Core/Src/main.o
                0x0000000020000044                encoder
 .data.SystemCoreClock
                0x0000000020000050        0x4 ./Core/Src/system_stm32g4xx.o
                0x0000000020000050                SystemCoreClock
 .data.uwTickPrio
                0x0000000020000054        0x4 ./Drivers/STM32G4xx_HAL_Driver/Src/stm32g4xx_hal.o
                0x0000000020000054                uwTickPrio
 .data.uwTickFreq
                0x0000000020000058        0x4 ./Drivers/STM32G4xx_HAL_Driver/Src/stm32g4xx_hal.o
                0x0000000020000058                uwTickFreq
 .data.USBD_CDC_DeviceQualifierDesc
                0x000000002000005c        0xa ./Middlewares/ST/STM32_USB_Device_Library/Class/CDC/Src/usbd_cdc.o
 *fill*         0x0000000020000066        0x2 
 .data.USBD_CDC
                0x0000000020000068       0x38 ./Middlewares/ST/STM32_USB_Device_Library/Class/CDC/Src/usbd_cdc.o
                0x0000000020000068                USBD_CDC
 .data.USBD_CDC_CfgHSDesc
                0x00000000200000a0       0x43 ./Middlewares/ST/STM32_USB_Device_Library/Class/CDC/Src/usbd_cdc.o
 *fill*         0x00000000200000e3        0x1 
 .data.USBD_CDC_CfgFSDesc
                0x00000000200000e4       0x43 ./Middlewares/ST/STM32_USB_Device_Library/Class/CDC/Src/usbd_cdc.o
 *fill*         0x0000000020000127        0x1 
 .data.USBD_CDC_OtherSpeedCfgDesc
                0x0000000020000128       0x43 ./Middlewares/ST/STM32_USB_Device_Library/Class/CDC/Src/usbd_cdc.o
 *fill*         0x000000002000016b        0x1 
 .data.USBD_Interface_fops_FS
                0x000000002000016c       0x14 ./USB_Device/App/usbd_cdc_if.o
                0x000000002000016c                USBD_Interface_fops_FS
 .data.CDC_Desc
                0x0000000020000180       0x20 ./USB_Device/App/usbd_desc.o
                0x0000000020000180                CDC_Desc
 .data.USBD_CDC_DeviceDesc
                0x00000000200001a0       0x12 ./USB_Device/App/usbd_desc.o
                0x00000000200001a0                USBD_CDC_DeviceDesc
 *fill*         0x00000000200001b2        0x2 
 .data.USBD_LangIDDesc
                0x00000000200001b4        0x4 ./USB_Device/App/usbd_desc.o
                0x00000000200001b4                USBD_LangIDDesc
 .data.USBD_StringSerial
                0x00000000200001b8       0x1a ./USB_Device/App/usbd_desc.o
                0x00000000200001b8                USBD_StringSerial
 *(.RamFunc)
 *(.RamFunc*)
                0x00000000200001d4                . = ALIGN (0x4)
 *fill*         0x00000000200001d2        0x2 
                0x00000000200001d4                _edata = .

.igot.plt       0x00000000200001d4        0x0 load address 0x000000000800b068
 .igot.plt      0x00000000200001d4        0x0 c:/st/stm32cubeide_1.7.0/stm32cubeide/plugins/com.st.stm32cube.ide.mcu.externaltools.gnu-tools-for-stm32.9-2020-q2-update.win32_2.0.0.202105311346/tools/bin/../lib/gcc/arm-none-eabi/9.3.1/thumb/v7e-m+fp/hard/crtbegin.o
                0x00000000200001d4                . = ALIGN (0x4)

.bss            0x00000000200001d4     0x150c load address 0x000000000800b068
                0x00000000200001d4                _sbss = .
                0x00000000200001d4                __bss_start__ = _sbss
 *(.bss)
 .bss           0x00000000200001d4       0x1c c:/st/stm32cubeide_1.7.0/stm32cubeide/plugins/com.st.stm32cube.ide.mcu.externaltools.gnu-tools-for-stm32.9-2020-q2-update.win32_2.0.0.202105311346/tools/bin/../lib/gcc/arm-none-eabi/9.3.1/thumb/v7e-m+fp/hard/crtbegin.o
 *(.bss*)
 .bss.command   0x00000000200001f0        0xa ./Core/Src/main.o
                0x00000000200001f0                command
 .bss.isCommandReceived
                0x00000000200001fa        0x1 ./Core/Src/main.o
                0x00000000200001fa                isCommandReceived
 .bss.sendData  0x00000000200001fb        0x1 ./Core/Src/main.o
                0x00000000200001fb                sendData
 .bss.timer     0x00000000200001fc        0x2 ./Core/Src/main.o
                0x00000000200001fc                timer
 .bss.enable_pid
                0x00000000200001fe        0x2 ./Core/Src/main.o
                0x00000000200001fe                enable_pid
 .bss.cfgidx.10653
                0x0000000020000200        0x1 ./Middlewares/ST/STM32_USB_Device_Library/Core/Src/usbd_ctlreq.o
 *fill*         0x0000000020000201        0x3 
 .bss.mem.10731
                0x0000000020000204      0x220 ./USB_Device/Target/usbd_conf.o
 *(COMMON)
 COMMON         0x0000000020000424      0x324 ./Core/Src/main.o
                0x0000000020000424                htim8
                0x0000000020000470                hdma_dma_generator0
                0x00000000200004d0                htim4
                0x000000002000051c                htim17
                0x0000000020000568                hdma_tim8_ch1
                0x00000000200005c8                htim3
                0x0000000020000614                pwmData
                0x000000002000063c                ThrData
                0x0000000020000664                htim6
                0x00000000200006b0                htim1
                0x00000000200006fc                htim2
 COMMON         0x0000000020000748        0x4 ./Drivers/STM32G4xx_HAL_Driver/Src/stm32g4xx_hal.o
                0x0000000020000748                uwTick
 COMMON         0x000000002000074c      0x2d0 ./USB_Device/App/usb_device.o
                0x000000002000074c                hUsbDeviceFS
 COMMON         0x0000000020000a1c      0x7d0 ./USB_Device/App/usbd_cdc_if.o
                0x0000000020000a1c                UserRxBufferFS
                0x0000000020000e04                UserTxBufferFS
 COMMON         0x00000000200011ec      0x200 ./USB_Device/App/usbd_desc.o
                0x00000000200011ec                USBD_StrDesc
 COMMON         0x00000000200013ec      0x2f4 ./USB_Device/Target/usbd_conf.o
                0x00000000200013ec                hpcd_USB_FS
                0x00000000200016e0                . = ALIGN (0x4)
                0x00000000200016e0                _ebss = .
                0x00000000200016e0                __bss_end__ = _ebss

._user_heap_stack
                0x00000000200016e0      0x600 load address 0x000000000800b068
                0x00000000200016e0                . = ALIGN (0x8)
                [!provide]                        PROVIDE (end = .)
                0x00000000200016e0                PROVIDE (_end = .)
                0x00000000200018e0                . = (. + _Min_Heap_Size)
 *fill*         0x00000000200016e0      0x200 
                0x0000000020001ce0                . = (. + _Min_Stack_Size)
 *fill*         0x00000000200018e0      0x400 
                0x0000000020001ce0                . = ALIGN (0x8)

/DISCARD/
 libc.a(*)
 libm.a(*)
 libgcc.a(*)

.ARM.attributes
                0x0000000000000000       0x30
 *(.ARM.attributes)
 .ARM.attributes
                0x0000000000000000       0x1e c:/st/stm32cubeide_1.7.0/stm32cubeide/plugins/com.st.stm32cube.ide.mcu.externaltools.gnu-tools-for-stm32.9-2020-q2-update.win32_2.0.0.202105311346/tools/bin/../lib/gcc/arm-none-eabi/9.3.1/thumb/v7e-m+fp/hard/crti.o
 .ARM.attributes
                0x000000000000001e       0x34 c:/st/stm32cubeide_1.7.0/stm32cubeide/plugins/com.st.stm32cube.ide.mcu.externaltools.gnu-tools-for-stm32.9-2020-q2-update.win32_2.0.0.202105311346/tools/bin/../lib/gcc/arm-none-eabi/9.3.1/thumb/v7e-m+fp/hard/crtbegin.o
 .ARM.attributes
                0x0000000000000052       0x34 ./Core/Src/main.o
 .ARM.attributes
                0x0000000000000086       0x34 ./Core/Src/stm32g4xx_hal_msp.o
 .ARM.attributes
                0x00000000000000ba       0x34 ./Core/Src/stm32g4xx_it.o
 .ARM.attributes
                0x00000000000000ee       0x34 ./Core/Src/system_stm32g4xx.o
 .ARM.attributes
                0x0000000000000122       0x21 ./Core/Startup/startup_stm32g441kbtx.o
 .ARM.attributes
                0x0000000000000143       0x34 ./Drivers/STM32G4xx_HAL_Driver/Src/stm32g4xx_hal.o
 .ARM.attributes
                0x0000000000000177       0x34 ./Drivers/STM32G4xx_HAL_Driver/Src/stm32g4xx_hal_cortex.o
 .ARM.attributes
                0x00000000000001ab       0x34 ./Drivers/STM32G4xx_HAL_Driver/Src/stm32g4xx_hal_dma.o
 .ARM.attributes
                0x00000000000001df       0x34 ./Drivers/STM32G4xx_HAL_Driver/Src/stm32g4xx_hal_gpio.o
 .ARM.attributes
                0x0000000000000213       0x34 ./Drivers/STM32G4xx_HAL_Driver/Src/stm32g4xx_hal_pcd.o
 .ARM.attributes
                0x0000000000000247       0x34 ./Drivers/STM32G4xx_HAL_Driver/Src/stm32g4xx_hal_pcd_ex.o
 .ARM.attributes
                0x000000000000027b       0x34 ./Drivers/STM32G4xx_HAL_Driver/Src/stm32g4xx_hal_pwr_ex.o
 .ARM.attributes
                0x00000000000002af       0x34 ./Drivers/STM32G4xx_HAL_Driver/Src/stm32g4xx_hal_rcc.o
 .ARM.attributes
                0x00000000000002e3       0x34 ./Drivers/STM32G4xx_HAL_Driver/Src/stm32g4xx_hal_rcc_ex.o
 .ARM.attributes
                0x0000000000000317       0x34 ./Drivers/STM32G4xx_HAL_Driver/Src/stm32g4xx_hal_tim.o
 .ARM.attributes
                0x000000000000034b       0x34 ./Drivers/STM32G4xx_HAL_Driver/Src/stm32g4xx_hal_tim_ex.o
 .ARM.attributes
                0x000000000000037f       0x34 ./Drivers/STM32G4xx_HAL_Driver/Src/stm32g4xx_ll_usb.o
 .ARM.attributes
                0x00000000000003b3       0x34 ./Middlewares/ST/STM32_USB_Device_Library/Class/CDC/Src/usbd_cdc.o
 .ARM.attributes
                0x00000000000003e7       0x34 ./Middlewares/ST/STM32_USB_Device_Library/Core/Src/usbd_core.o
 .ARM.attributes
                0x000000000000041b       0x34 ./Middlewares/ST/STM32_USB_Device_Library/Core/Src/usbd_ctlreq.o
 .ARM.attributes
                0x000000000000044f       0x34 ./Middlewares/ST/STM32_USB_Device_Library/Core/Src/usbd_ioreq.o
 .ARM.attributes
                0x0000000000000483       0x34 ./USB_Device/App/usb_device.o
 .ARM.attributes
                0x00000000000004b7       0x34 ./USB_Device/App/usbd_cdc_if.o
 .ARM.attributes
                0x00000000000004eb       0x34 ./USB_Device/App/usbd_desc.o
 .ARM.attributes
                0x000000000000051f       0x34 ./USB_Device/Target/usbd_conf.o
 .ARM.attributes
                0x0000000000000553       0x34 c:/st/stm32cubeide_1.7.0/stm32cubeide/plugins/com.st.stm32cube.ide.mcu.externaltools.gnu-tools-for-stm32.9-2020-q2-update.win32_2.0.0.202105311346/tools/bin/../lib/gcc/arm-none-eabi/9.3.1/../../../../arm-none-eabi/lib/thumb/v7e-m+fp/hard\libc_nano.a(lib_a-init.o)
 .ARM.attributes
                0x0000000000000587       0x34 c:/st/stm32cubeide_1.7.0/stm32cubeide/plugins/com.st.stm32cube.ide.mcu.externaltools.gnu-tools-for-stm32.9-2020-q2-update.win32_2.0.0.202105311346/tools/bin/../lib/gcc/arm-none-eabi/9.3.1/../../../../arm-none-eabi/lib/thumb/v7e-m+fp/hard\libc_nano.a(lib_a-memcpy-stub.o)
 .ARM.attributes
                0x00000000000005bb       0x34 c:/st/stm32cubeide_1.7.0/stm32cubeide/plugins/com.st.stm32cube.ide.mcu.externaltools.gnu-tools-for-stm32.9-2020-q2-update.win32_2.0.0.202105311346/tools/bin/../lib/gcc/arm-none-eabi/9.3.1/../../../../arm-none-eabi/lib/thumb/v7e-m+fp/hard\libc_nano.a(lib_a-memset.o)
 .ARM.attributes
                0x00000000000005ef       0x1e c:/st/stm32cubeide_1.7.0/stm32cubeide/plugins/com.st.stm32cube.ide.mcu.externaltools.gnu-tools-for-stm32.9-2020-q2-update.win32_2.0.0.202105311346/tools/bin/../lib/gcc/arm-none-eabi/9.3.1/thumb/v7e-m+fp/hard/crtn.o
OUTPUT(KobeMotorTester.elf elf32-littlearm)
LOAD linker stubs
LOAD c:/st/stm32cubeide_1.7.0/stm32cubeide/plugins/com.st.stm32cube.ide.mcu.externaltools.gnu-tools-for-stm32.9-2020-q2-update.win32_2.0.0.202105311346/tools/bin/../lib/gcc/arm-none-eabi/9.3.1/../../../../arm-none-eabi/lib/thumb/v7e-m+fp/hard\libc.a
LOAD c:/st/stm32cubeide_1.7.0/stm32cubeide/plugins/com.st.stm32cube.ide.mcu.externaltools.gnu-tools-for-stm32.9-2020-q2-update.win32_2.0.0.202105311346/tools/bin/../lib/gcc/arm-none-eabi/9.3.1/../../../../arm-none-eabi/lib/thumb/v7e-m+fp/hard\libm.a
LOAD c:/st/stm32cubeide_1.7.0/stm32cubeide/plugins/com.st.stm32cube.ide.mcu.externaltools.gnu-tools-for-stm32.9-2020-q2-update.win32_2.0.0.202105311346/tools/bin/../lib/gcc/arm-none-eabi/9.3.1/thumb/v7e-m+fp/hard\libgcc.a

.debug_info     0x0000000000000000    0x1dbb3
 .debug_info    0x0000000000000000     0x2987 ./Core/Src/main.o
 .debug_info    0x0000000000002987     0x1220 ./Core/Src/stm32g4xx_hal_msp.o
 .debug_info    0x0000000000003ba7      0xfac ./Core/Src/stm32g4xx_it.o
 .debug_info    0x0000000000004b53      0x718 ./Core/Src/system_stm32g4xx.o
 .debug_info    0x000000000000526b       0x22 ./Core/Startup/startup_stm32g441kbtx.o
 .debug_info    0x000000000000528d      0xc49 ./Drivers/STM32G4xx_HAL_Driver/Src/stm32g4xx_hal.o
 .debug_info    0x0000000000005ed6      0xf7e ./Drivers/STM32G4xx_HAL_Driver/Src/stm32g4xx_hal_cortex.o
 .debug_info    0x0000000000006e54      0xa9e ./Drivers/STM32G4xx_HAL_Driver/Src/stm32g4xx_hal_dma.o
 .debug_info    0x00000000000078f2      0xa13 ./Drivers/STM32G4xx_HAL_Driver/Src/stm32g4xx_hal_gpio.o
 .debug_info    0x0000000000008305     0x1564 ./Drivers/STM32G4xx_HAL_Driver/Src/stm32g4xx_hal_pcd.o
 .debug_info    0x0000000000009869      0xa14 ./Drivers/STM32G4xx_HAL_Driver/Src/stm32g4xx_hal_pcd_ex.o
 .debug_info    0x000000000000a27d      0xb3a ./Drivers/STM32G4xx_HAL_Driver/Src/stm32g4xx_hal_pwr_ex.o
 .debug_info    0x000000000000adb7      0xd79 ./Drivers/STM32G4xx_HAL_Driver/Src/stm32g4xx_hal_rcc.o
 .debug_info    0x000000000000bb30      0xe78 ./Drivers/STM32G4xx_HAL_Driver/Src/stm32g4xx_hal_rcc_ex.o
 .debug_info    0x000000000000c9a8     0x2dc8 ./Drivers/STM32G4xx_HAL_Driver/Src/stm32g4xx_hal_tim.o
 .debug_info    0x000000000000f770     0x1e9b ./Drivers/STM32G4xx_HAL_Driver/Src/stm32g4xx_hal_tim_ex.o
 .debug_info    0x000000000001160b     0x1937 ./Drivers/STM32G4xx_HAL_Driver/Src/stm32g4xx_ll_usb.o
 .debug_info    0x0000000000012f42     0x1ae7 ./Middlewares/ST/STM32_USB_Device_Library/Class/CDC/Src/usbd_cdc.o
 .debug_info    0x0000000000014a29     0x14ad ./Middlewares/ST/STM32_USB_Device_Library/Core/Src/usbd_core.o
 .debug_info    0x0000000000015ed6     0x1479 ./Middlewares/ST/STM32_USB_Device_Library/Core/Src/usbd_ctlreq.o
 .debug_info    0x000000000001734f     0x119b ./Middlewares/ST/STM32_USB_Device_Library/Core/Src/usbd_ioreq.o
 .debug_info    0x00000000000184ea     0x1104 ./USB_Device/App/usb_device.o
 .debug_info    0x00000000000195ee     0x1335 ./USB_Device/App/usbd_cdc_if.o
 .debug_info    0x000000000001a923      0xef7 ./USB_Device/App/usbd_desc.o
 .debug_info    0x000000000001b81a     0x2399 ./USB_Device/Target/usbd_conf.o

.debug_abbrev   0x0000000000000000     0x3b33
 .debug_abbrev  0x0000000000000000      0x36a ./Core/Src/main.o
 .debug_abbrev  0x000000000000036a      0x237 ./Core/Src/stm32g4xx_hal_msp.o
 .debug_abbrev  0x00000000000005a1      0x1d8 ./Core/Src/stm32g4xx_it.o
 .debug_abbrev  0x0000000000000779      0x165 ./Core/Src/system_stm32g4xx.o
 .debug_abbrev  0x00000000000008de       0x12 ./Core/Startup/startup_stm32g441kbtx.o
 .debug_abbrev  0x00000000000008f0      0x227 ./Drivers/STM32G4xx_HAL_Driver/Src/stm32g4xx_hal.o
 .debug_abbrev  0x0000000000000b17      0x333 ./Drivers/STM32G4xx_HAL_Driver/Src/stm32g4xx_hal_cortex.o
 .debug_abbrev  0x0000000000000e4a      0x201 ./Drivers/STM32G4xx_HAL_Driver/Src/stm32g4xx_hal_dma.o
 .debug_abbrev  0x000000000000104b      0x1e8 ./Drivers/STM32G4xx_HAL_Driver/Src/stm32g4xx_hal_gpio.o
 .debug_abbrev  0x0000000000001233      0x29e ./Drivers/STM32G4xx_HAL_Driver/Src/stm32g4xx_hal_pcd.o
 .debug_abbrev  0x00000000000014d1      0x219 ./Drivers/STM32G4xx_HAL_Driver/Src/stm32g4xx_hal_pcd_ex.o
 .debug_abbrev  0x00000000000016ea      0x229 ./Drivers/STM32G4xx_HAL_Driver/Src/stm32g4xx_hal_pwr_ex.o
 .debug_abbrev  0x0000000000001913      0x275 ./Drivers/STM32G4xx_HAL_Driver/Src/stm32g4xx_hal_rcc.o
 .debug_abbrev  0x0000000000001b88      0x230 ./Drivers/STM32G4xx_HAL_Driver/Src/stm32g4xx_hal_rcc_ex.o
 .debug_abbrev  0x0000000000001db8      0x28f ./Drivers/STM32G4xx_HAL_Driver/Src/stm32g4xx_hal_tim.o
 .debug_abbrev  0x0000000000002047      0x297 ./Drivers/STM32G4xx_HAL_Driver/Src/stm32g4xx_hal_tim_ex.o
 .debug_abbrev  0x00000000000022de      0x25c ./Drivers/STM32G4xx_HAL_Driver/Src/stm32g4xx_ll_usb.o
 .debug_abbrev  0x000000000000253a      0x2ed ./Middlewares/ST/STM32_USB_Device_Library/Class/CDC/Src/usbd_cdc.o
 .debug_abbrev  0x0000000000002827      0x2b7 ./Middlewares/ST/STM32_USB_Device_Library/Core/Src/usbd_core.o
 .debug_abbrev  0x0000000000002ade      0x2fc ./Middlewares/ST/STM32_USB_Device_Library/Core/Src/usbd_ctlreq.o
 .debug_abbrev  0x0000000000002dda      0x22a ./Middlewares/ST/STM32_USB_Device_Library/Core/Src/usbd_ioreq.o
 .debug_abbrev  0x0000000000003004      0x204 ./USB_Device/App/usb_device.o
 .debug_abbrev  0x0000000000003208      0x30c ./USB_Device/App/usbd_cdc_if.o
 .debug_abbrev  0x0000000000003514      0x2d9 ./USB_Device/App/usbd_desc.o
 .debug_abbrev  0x00000000000037ed      0x346 ./USB_Device/Target/usbd_conf.o

.debug_aranges  0x0000000000000000     0x13e8
 .debug_aranges
                0x0000000000000000       0xa0 ./Core/Src/main.o
 .debug_aranges
                0x00000000000000a0       0x58 ./Core/Src/stm32g4xx_hal_msp.o
 .debug_aranges
                0x00000000000000f8       0x80 ./Core/Src/stm32g4xx_it.o
 .debug_aranges
                0x0000000000000178       0x28 ./Core/Src/system_stm32g4xx.o
 .debug_aranges
                0x00000000000001a0       0x28 ./Core/Startup/startup_stm32g441kbtx.o
 .debug_aranges
                0x00000000000001c8      0x130 ./Drivers/STM32G4xx_HAL_Driver/Src/stm32g4xx_hal.o
 .debug_aranges
                0x00000000000002f8      0x118 ./Drivers/STM32G4xx_HAL_Driver/Src/stm32g4xx_hal_cortex.o
 .debug_aranges
                0x0000000000000410       0x90 ./Drivers/STM32G4xx_HAL_Driver/Src/stm32g4xx_hal_dma.o
 .debug_aranges
                0x00000000000004a0       0x58 ./Drivers/STM32G4xx_HAL_Driver/Src/stm32g4xx_hal_gpio.o
 .debug_aranges
                0x00000000000004f8      0x130 ./Drivers/STM32G4xx_HAL_Driver/Src/stm32g4xx_hal_pcd.o
 .debug_aranges
                0x0000000000000628       0x58 ./Drivers/STM32G4xx_HAL_Driver/Src/stm32g4xx_hal_pcd_ex.o
 .debug_aranges
                0x0000000000000680      0x140 ./Drivers/STM32G4xx_HAL_Driver/Src/stm32g4xx_hal_pwr_ex.o
 .debug_aranges
                0x00000000000007c0       0x98 ./Drivers/STM32G4xx_HAL_Driver/Src/stm32g4xx_hal_rcc.o
 .debug_aranges
                0x0000000000000858       0xb0 ./Drivers/STM32G4xx_HAL_Driver/Src/stm32g4xx_hal_rcc_ex.o
 .debug_aranges
                0x0000000000000908      0x3e0 ./Drivers/STM32G4xx_HAL_Driver/Src/stm32g4xx_hal_tim.o
 .debug_aranges
                0x0000000000000ce8      0x240 ./Drivers/STM32G4xx_HAL_Driver/Src/stm32g4xx_hal_tim_ex.o
 .debug_aranges
                0x0000000000000f28       0xb0 ./Drivers/STM32G4xx_HAL_Driver/Src/stm32g4xx_ll_usb.o
 .debug_aranges
                0x0000000000000fd8       0x90 ./Middlewares/ST/STM32_USB_Device_Library/Class/CDC/Src/usbd_cdc.o
 .debug_aranges
                0x0000000000001068       0xb8 ./Middlewares/ST/STM32_USB_Device_Library/Core/Src/usbd_core.o
 .debug_aranges
                0x0000000000001120       0x90 ./Middlewares/ST/STM32_USB_Device_Library/Core/Src/usbd_ctlreq.o
 .debug_aranges
                0x00000000000011b0       0x50 ./Middlewares/ST/STM32_USB_Device_Library/Core/Src/usbd_ioreq.o
 .debug_aranges
                0x0000000000001200       0x20 ./USB_Device/App/usb_device.o
 .debug_aranges
                0x0000000000001220       0x48 ./USB_Device/App/usbd_cdc_if.o
 .debug_aranges
                0x0000000000001268       0x60 ./USB_Device/App/usbd_desc.o
 .debug_aranges
                0x00000000000012c8      0x120 ./USB_Device/Target/usbd_conf.o

.debug_ranges   0x0000000000000000     0x1260
 .debug_ranges  0x0000000000000000       0x90 ./Core/Src/main.o
 .debug_ranges  0x0000000000000090       0x48 ./Core/Src/stm32g4xx_hal_msp.o
 .debug_ranges  0x00000000000000d8       0x70 ./Core/Src/stm32g4xx_it.o
 .debug_ranges  0x0000000000000148       0x18 ./Core/Src/system_stm32g4xx.o
 .debug_ranges  0x0000000000000160       0x20 ./Core/Startup/startup_stm32g441kbtx.o
 .debug_ranges  0x0000000000000180      0x120 ./Drivers/STM32G4xx_HAL_Driver/Src/stm32g4xx_hal.o
 .debug_ranges  0x00000000000002a0      0x108 ./Drivers/STM32G4xx_HAL_Driver/Src/stm32g4xx_hal_cortex.o
 .debug_ranges  0x00000000000003a8       0x80 ./Drivers/STM32G4xx_HAL_Driver/Src/stm32g4xx_hal_dma.o
 .debug_ranges  0x0000000000000428       0x48 ./Drivers/STM32G4xx_HAL_Driver/Src/stm32g4xx_hal_gpio.o
 .debug_ranges  0x0000000000000470      0x120 ./Drivers/STM32G4xx_HAL_Driver/Src/stm32g4xx_hal_pcd.o
 .debug_ranges  0x0000000000000590       0x48 ./Drivers/STM32G4xx_HAL_Driver/Src/stm32g4xx_hal_pcd_ex.o
 .debug_ranges  0x00000000000005d8      0x130 ./Drivers/STM32G4xx_HAL_Driver/Src/stm32g4xx_hal_pwr_ex.o
 .debug_ranges  0x0000000000000708       0x88 ./Drivers/STM32G4xx_HAL_Driver/Src/stm32g4xx_hal_rcc.o
 .debug_ranges  0x0000000000000790       0xa0 ./Drivers/STM32G4xx_HAL_Driver/Src/stm32g4xx_hal_rcc_ex.o
 .debug_ranges  0x0000000000000830      0x3d0 ./Drivers/STM32G4xx_HAL_Driver/Src/stm32g4xx_hal_tim.o
 .debug_ranges  0x0000000000000c00      0x230 ./Drivers/STM32G4xx_HAL_Driver/Src/stm32g4xx_hal_tim_ex.o
 .debug_ranges  0x0000000000000e30       0xa0 ./Drivers/STM32G4xx_HAL_Driver/Src/stm32g4xx_ll_usb.o
 .debug_ranges  0x0000000000000ed0       0x80 ./Middlewares/ST/STM32_USB_Device_Library/Class/CDC/Src/usbd_cdc.o
 .debug_ranges  0x0000000000000f50       0xa8 ./Middlewares/ST/STM32_USB_Device_Library/Core/Src/usbd_core.o
 .debug_ranges  0x0000000000000ff8       0x80 ./Middlewares/ST/STM32_USB_Device_Library/Core/Src/usbd_ctlreq.o
 .debug_ranges  0x0000000000001078       0x40 ./Middlewares/ST/STM32_USB_Device_Library/Core/Src/usbd_ioreq.o
 .debug_ranges  0x00000000000010b8       0x10 ./USB_Device/App/usb_device.o
 .debug_ranges  0x00000000000010c8       0x38 ./USB_Device/App/usbd_cdc_if.o
 .debug_ranges  0x0000000000001100       0x50 ./USB_Device/App/usbd_desc.o
 .debug_ranges  0x0000000000001150      0x110 ./USB_Device/Target/usbd_conf.o

.debug_macro    0x0000000000000000    0x20d64
 .debug_macro   0x0000000000000000      0x422 ./Core/Src/main.o
 .debug_macro   0x0000000000000422      0xaa8 ./Core/Src/main.o
 .debug_macro   0x0000000000000eca      0x15b ./Core/Src/main.o
 .debug_macro   0x0000000000001025       0x2e ./Core/Src/main.o
 .debug_macro   0x0000000000001053       0x28 ./Core/Src/main.o
 .debug_macro   0x000000000000107b       0x22 ./Core/Src/main.o
 .debug_macro   0x000000000000109d       0x8e ./Core/Src/main.o
 .debug_macro   0x000000000000112b       0x51 ./Core/Src/main.o
 .debug_macro   0x000000000000117c      0x103 ./Core/Src/main.o
 .debug_macro   0x000000000000127f       0x6a ./Core/Src/main.o
 .debug_macro   0x00000000000012e9      0x1df ./Core/Src/main.o
 .debug_macro   0x00000000000014c8       0x1c ./Core/Src/main.o
 .debug_macro   0x00000000000014e4       0x22 ./Core/Src/main.o
 .debug_macro   0x0000000000001506      0x101 ./Core/Src/main.o
 .debug_macro   0x0000000000001607     0x1011 ./Core/Src/main.o
 .debug_macro   0x0000000000002618      0x11f ./Core/Src/main.o
 .debug_macro   0x0000000000002737    0x11771 ./Core/Src/main.o
 .debug_macro   0x0000000000013ea8       0x43 ./Core/Src/main.o
 .debug_macro   0x0000000000013eeb     0x34f4 ./Core/Src/main.o
 .debug_macro   0x00000000000173df      0x174 ./Core/Src/main.o
 .debug_macro   0x0000000000017553       0x5c ./Core/Src/main.o
 .debug_macro   0x00000000000175af     0x1424 ./Core/Src/main.o
 .debug_macro   0x00000000000189d3      0x535 ./Core/Src/main.o
 .debug_macro   0x0000000000018f08      0x137 ./Core/Src/main.o
 .debug_macro   0x000000000001903f      0x289 ./Core/Src/main.o
 .debug_macro   0x00000000000192c8      0x41d ./Core/Src/main.o
 .debug_macro   0x00000000000196e5      0x18b ./Core/Src/main.o
 .debug_macro   0x0000000000019870       0x43 ./Core/Src/main.o
 .debug_macro   0x00000000000198b3      0x23d ./Core/Src/main.o
 .debug_macro   0x0000000000019af0      0x212 ./Core/Src/main.o
 .debug_macro   0x0000000000019d02      0x401 ./Core/Src/main.o
 .debug_macro   0x000000000001a103      0x107 ./Core/Src/main.o
 .debug_macro   0x000000000001a20a       0x65 ./Core/Src/main.o
 .debug_macro   0x000000000001a26f      0x234 ./Core/Src/main.o
 .debug_macro   0x000000000001a4a3      0x122 ./Core/Src/main.o
 .debug_macro   0x000000000001a5c5      0x3d1 ./Core/Src/main.o
 .debug_macro   0x000000000001a996      0xbbe ./Core/Src/main.o
 .debug_macro   0x000000000001b554      0x47e ./Core/Src/main.o
 .debug_macro   0x000000000001b9d2      0x307 ./Core/Src/main.o
 .debug_macro   0x000000000001bcd9       0x34 ./Core/Src/main.o
 .debug_macro   0x000000000001bd0d       0x52 ./Core/Src/main.o
 .debug_macro   0x000000000001bd5f       0x18 ./Core/Src/main.o
 .debug_macro   0x000000000001bd77       0x3c ./Core/Src/main.o
 .debug_macro   0x000000000001bdb3       0x34 ./Core/Src/main.o
 .debug_macro   0x000000000001bde7       0x16 ./Core/Src/main.o
 .debug_macro   0x000000000001bdfd       0x35 ./Core/Src/main.o
 .debug_macro   0x000000000001be32      0x333 ./Core/Src/main.o
 .debug_macro   0x000000000001c165       0x10 ./Core/Src/main.o
 .debug_macro   0x000000000001c175       0x16 ./Core/Src/main.o
 .debug_macro   0x000000000001c18b       0x43 ./Core/Src/main.o
 .debug_macro   0x000000000001c1ce       0x34 ./Core/Src/main.o
 .debug_macro   0x000000000001c202       0x10 ./Core/Src/main.o
 .debug_macro   0x000000000001c212       0x58 ./Core/Src/main.o
 .debug_macro   0x000000000001c26a       0x71 ./Core/Src/main.o
 .debug_macro   0x000000000001c2db       0x1c ./Core/Src/main.o
 .debug_macro   0x000000000001c2f7      0x12a ./Core/Src/main.o
 .debug_macro   0x000000000001c421       0x10 ./Core/Src/main.o
 .debug_macro   0x000000000001c431       0x1c ./Core/Src/main.o
 .debug_macro   0x000000000001c44d       0x52 ./Core/Src/main.o
 .debug_macro   0x000000000001c49f       0x22 ./Core/Src/main.o
 .debug_macro   0x000000000001c4c1       0x10 ./Core/Src/main.o
 .debug_macro   0x000000000001c4d1       0x40 ./Core/Src/main.o
 .debug_macro   0x000000000001c511       0xd5 ./Core/Src/main.o
 .debug_macro   0x000000000001c5e6       0x1c ./Core/Src/main.o
 .debug_macro   0x000000000001c602       0x3d ./Core/Src/main.o
 .debug_macro   0x000000000001c63f       0x16 ./Core/Src/main.o
 .debug_macro   0x000000000001c655      0x145 ./Core/Src/main.o
 .debug_macro   0x000000000001c79a       0x16 ./Core/Src/main.o
 .debug_macro   0x000000000001c7b0       0x16 ./Core/Src/main.o
 .debug_macro   0x000000000001c7c6       0x29 ./Core/Src/main.o
 .debug_macro   0x000000000001c7ef       0x16 ./Core/Src/main.o
 .debug_macro   0x000000000001c805       0x20 ./Core/Src/main.o
 .debug_macro   0x000000000001c825       0x5f ./Core/Src/main.o
 .debug_macro   0x000000000001c884      0x1ef ./Core/Src/main.o
 .debug_macro   0x000000000001ca73       0x95 ./Core/Src/main.o
 .debug_macro   0x000000000001cb08       0x10 ./Core/Src/main.o
 .debug_macro   0x000000000001cb18      0x1ed ./Core/Src/stm32g4xx_hal_msp.o
 .debug_macro   0x000000000001cd05      0x1f7 ./Core/Src/stm32g4xx_it.o
 .debug_macro   0x000000000001cefc      0x1de ./Core/Src/system_stm32g4xx.o
 .debug_macro   0x000000000001d0da      0x22c ./Drivers/STM32G4xx_HAL_Driver/Src/stm32g4xx_hal.o
 .debug_macro   0x000000000001d306      0x1de ./Drivers/STM32G4xx_HAL_Driver/Src/stm32g4xx_hal_cortex.o
 .debug_macro   0x000000000001d4e4      0x1de ./Drivers/STM32G4xx_HAL_Driver/Src/stm32g4xx_hal_dma.o
 .debug_macro   0x000000000001d6c2      0x216 ./Drivers/STM32G4xx_HAL_Driver/Src/stm32g4xx_hal_gpio.o
 .debug_macro   0x000000000001d8d8      0x1ea ./Drivers/STM32G4xx_HAL_Driver/Src/stm32g4xx_hal_pcd.o
 .debug_macro   0x000000000001dac2      0x1de ./Drivers/STM32G4xx_HAL_Driver/Src/stm32g4xx_hal_pcd_ex.o
 .debug_macro   0x000000000001dca0      0x208 ./Drivers/STM32G4xx_HAL_Driver/Src/stm32g4xx_hal_pwr_ex.o
 .debug_macro   0x000000000001dea8      0x21a ./Drivers/STM32G4xx_HAL_Driver/Src/stm32g4xx_hal_rcc.o
 .debug_macro   0x000000000001e0c2      0x208 ./Drivers/STM32G4xx_HAL_Driver/Src/stm32g4xx_hal_rcc_ex.o
 .debug_macro   0x000000000001e2ca      0x1e6 ./Drivers/STM32G4xx_HAL_Driver/Src/stm32g4xx_hal_tim.o
 .debug_macro   0x000000000001e4b0      0x1e4 ./Drivers/STM32G4xx_HAL_Driver/Src/stm32g4xx_hal_tim_ex.o
 .debug_macro   0x000000000001e694      0x1de ./Drivers/STM32G4xx_HAL_Driver/Src/stm32g4xx_ll_usb.o
 .debug_macro   0x000000000001e872      0x3f4 ./Middlewares/ST/STM32_USB_Device_Library/Class/CDC/Src/usbd_cdc.o
 .debug_macro   0x000000000001ec66       0x97 ./Middlewares/ST/STM32_USB_Device_Library/Class/CDC/Src/usbd_cdc.o
 .debug_macro   0x000000000001ecfd       0xfd ./Middlewares/ST/STM32_USB_Device_Library/Class/CDC/Src/usbd_cdc.o
 .debug_macro   0x000000000001edfa       0xfb ./Middlewares/ST/STM32_USB_Device_Library/Class/CDC/Src/usbd_cdc.o
 .debug_macro   0x000000000001eef5       0x56 ./Middlewares/ST/STM32_USB_Device_Library/Class/CDC/Src/usbd_cdc.o
 .debug_macro   0x000000000001ef4b      0x3db ./Middlewares/ST/STM32_USB_Device_Library/Core/Src/usbd_core.o
 .debug_macro   0x000000000001f326      0x1f5 ./Middlewares/ST/STM32_USB_Device_Library/Core/Src/usbd_core.o
 .debug_macro   0x000000000001f51b      0x3e5 ./Middlewares/ST/STM32_USB_Device_Library/Core/Src/usbd_ctlreq.o
 .debug_macro   0x000000000001f900      0x3e1 ./Middlewares/ST/STM32_USB_Device_Library/Core/Src/usbd_ioreq.o
 .debug_macro   0x000000000001fce1      0x41a ./USB_Device/App/usb_device.o
 .debug_macro   0x00000000000200fb       0x22 ./USB_Device/App/usb_device.o
 .debug_macro   0x000000000002011d       0x16 ./USB_Device/App/usb_device.o
 .debug_macro   0x0000000000020133      0x3ff ./USB_Device/App/usbd_cdc_if.o
 .debug_macro   0x0000000000020532      0x418 ./USB_Device/App/usbd_desc.o
 .debug_macro   0x000000000002094a       0x1c ./USB_Device/App/usbd_desc.o
 .debug_macro   0x0000000000020966      0x3fe ./USB_Device/Target/usbd_conf.o

.debug_line     0x0000000000000000    0x17450
 .debug_line    0x0000000000000000     0x109d ./Core/Src/main.o
 .debug_line    0x000000000000109d      0x8f3 ./Core/Src/stm32g4xx_hal_msp.o
 .debug_line    0x0000000000001990      0x818 ./Core/Src/stm32g4xx_it.o
 .debug_line    0x00000000000021a8      0x75f ./Core/Src/system_stm32g4xx.o
 .debug_line    0x0000000000002907       0x89 ./Core/Startup/startup_stm32g441kbtx.o
 .debug_line    0x0000000000002990      0xad6 ./Drivers/STM32G4xx_HAL_Driver/Src/stm32g4xx_hal.o
 .debug_line    0x0000000000003466      0xc89 ./Drivers/STM32G4xx_HAL_Driver/Src/stm32g4xx_hal_cortex.o
 .debug_line    0x00000000000040ef      0xe42 ./Drivers/STM32G4xx_HAL_Driver/Src/stm32g4xx_hal_dma.o
 .debug_line    0x0000000000004f31      0xb23 ./Drivers/STM32G4xx_HAL_Driver/Src/stm32g4xx_hal_gpio.o
 .debug_line    0x0000000000005a54     0x12ac ./Drivers/STM32G4xx_HAL_Driver/Src/stm32g4xx_hal_pcd.o
 .debug_line    0x0000000000006d00      0x86a ./Drivers/STM32G4xx_HAL_Driver/Src/stm32g4xx_hal_pcd_ex.o
 .debug_line    0x000000000000756a      0xc81 ./Drivers/STM32G4xx_HAL_Driver/Src/stm32g4xx_hal_pwr_ex.o
 .debug_line    0x00000000000081eb      0xed6 ./Drivers/STM32G4xx_HAL_Driver/Src/stm32g4xx_hal_rcc.o
 .debug_line    0x00000000000090c1     0x10af ./Drivers/STM32G4xx_HAL_Driver/Src/stm32g4xx_hal_rcc_ex.o
 .debug_line    0x000000000000a170     0x3d27 ./Drivers/STM32G4xx_HAL_Driver/Src/stm32g4xx_hal_tim.o
 .debug_line    0x000000000000de97     0x1fd4 ./Drivers/STM32G4xx_HAL_Driver/Src/stm32g4xx_hal_tim_ex.o
 .debug_line    0x000000000000fe6b      0xfdd ./Drivers/STM32G4xx_HAL_Driver/Src/stm32g4xx_ll_usb.o
 .debug_line    0x0000000000010e48      0xdb9 ./Middlewares/ST/STM32_USB_Device_Library/Class/CDC/Src/usbd_cdc.o
 .debug_line    0x0000000000011c01      0xe3c ./Middlewares/ST/STM32_USB_Device_Library/Core/Src/usbd_core.o
 .debug_line    0x0000000000012a3d     0x10d9 ./Middlewares/ST/STM32_USB_Device_Library/Core/Src/usbd_ctlreq.o
 .debug_line    0x0000000000013b16      0xa93 ./Middlewares/ST/STM32_USB_Device_Library/Core/Src/usbd_ioreq.o
 .debug_line    0x00000000000145a9      0xa4f ./USB_Device/App/usb_device.o
 .debug_line    0x0000000000014ff8      0xab5 ./USB_Device/App/usbd_cdc_if.o
 .debug_line    0x0000000000015aad      0xb18 ./USB_Device/App/usbd_desc.o
 .debug_line    0x00000000000165c5      0xe8b ./USB_Device/Target/usbd_conf.o

.debug_str      0x0000000000000000    0xc5d8e
 .debug_str     0x0000000000000000    0xc1388 ./Core/Src/main.o
                                      0xc18ee (size before relaxing)
 .debug_str     0x00000000000c1388       0xed ./Core/Src/stm32g4xx_hal_msp.o
                                      0xbbe8f (size before relaxing)
 .debug_str     0x00000000000c1475      0x3d6 ./Core/Src/stm32g4xx_it.o
                                      0xbbbc4 (size before relaxing)
 .debug_str     0x00000000000c184b       0xaf ./Core/Src/system_stm32g4xx.o
                                      0xbb2c3 (size before relaxing)
 .debug_str     0x00000000000c18fa       0x70 ./Core/Startup/startup_stm32g441kbtx.o
 .debug_str     0x00000000000c196a      0x591 ./Drivers/STM32G4xx_HAL_Driver/Src/stm32g4xx_hal.o
                                      0xbbda1 (size before relaxing)
 .debug_str     0x00000000000c1efb      0x389 ./Drivers/STM32G4xx_HAL_Driver/Src/stm32g4xx_hal_cortex.o
                                      0xbbaa9 (size before relaxing)
 .debug_str     0x00000000000c2284      0x2d3 ./Drivers/STM32G4xx_HAL_Driver/Src/stm32g4xx_hal_dma.o
                                      0xbb698 (size before relaxing)
 .debug_str     0x00000000000c2557      0x213 ./Drivers/STM32G4xx_HAL_Driver/Src/stm32g4xx_hal_gpio.o
                                      0xbb547 (size before relaxing)
 .debug_str     0x00000000000c276a      0x3d8 ./Drivers/STM32G4xx_HAL_Driver/Src/stm32g4xx_hal_pcd.o
                                      0xbb88e (size before relaxing)
 .debug_str     0x00000000000c2b42      0x1c6 ./Drivers/STM32G4xx_HAL_Driver/Src/stm32g4xx_hal_pcd_ex.o
                                      0xbb666 (size before relaxing)
 .debug_str     0x00000000000c2d08      0x4d2 ./Drivers/STM32G4xx_HAL_Driver/Src/stm32g4xx_hal_pwr_ex.o
                                      0xbb7b9 (size before relaxing)
 .debug_str     0x00000000000c31da      0x3ab ./Drivers/STM32G4xx_HAL_Driver/Src/stm32g4xx_hal_rcc.o
                                      0xbb853 (size before relaxing)
 .debug_str     0x00000000000c3585      0x3f2 ./Drivers/STM32G4xx_HAL_Driver/Src/stm32g4xx_hal_rcc_ex.o
                                      0xbb96c (size before relaxing)
 .debug_str     0x00000000000c3977      0xd4a ./Drivers/STM32G4xx_HAL_Driver/Src/stm32g4xx_hal_tim.o
                                      0xbc68f (size before relaxing)
 .debug_str     0x00000000000c46c1      0x948 ./Drivers/STM32G4xx_HAL_Driver/Src/stm32g4xx_hal_tim_ex.o
                                      0xbc32a (size before relaxing)
 .debug_str     0x00000000000c5009      0x1f0 ./Drivers/STM32G4xx_HAL_Driver/Src/stm32g4xx_ll_usb.o
                                      0xbb584 (size before relaxing)
 .debug_str     0x00000000000c51f9      0x2aa ./Middlewares/ST/STM32_USB_Device_Library/Class/CDC/Src/usbd_cdc.o
                                      0xc0a15 (size before relaxing)
 .debug_str     0x00000000000c54a3      0x1a9 ./Middlewares/ST/STM32_USB_Device_Library/Core/Src/usbd_core.o
                                      0xc02c9 (size before relaxing)
 .debug_str     0x00000000000c564c      0x15b ./Middlewares/ST/STM32_USB_Device_Library/Core/Src/usbd_ctlreq.o
                                      0xc0287 (size before relaxing)
 .debug_str     0x00000000000c57a7       0xc9 ./Middlewares/ST/STM32_USB_Device_Library/Core/Src/usbd_ioreq.o
                                      0xc01d7 (size before relaxing)
 .debug_str     0x00000000000c5870       0xc3 ./USB_Device/App/usb_device.o
                                      0xc0567 (size before relaxing)
 .debug_str     0x00000000000c5933       0x9a ./USB_Device/App/usbd_cdc_if.o
                                      0xc05b8 (size before relaxing)
 .debug_str     0x00000000000c59cd      0x254 ./USB_Device/App/usbd_desc.o
                                      0xc0110 (size before relaxing)
 .debug_str     0x00000000000c5c21      0x16d ./USB_Device/Target/usbd_conf.o